15:12:42 **** Build of configuration Debug for project rgrewalassignmen5 ****
make -j4 all 
arm-none-eabi-gcc "../Drivers/STM32L4xx_HAL_Driver/Src/stm32l4xx_hal.c" -mcpu=cortex-m4 -std=gnu11 -g3 -DDEBUG -DUSE_HAL_DRIVER -DSTM32L432xx -c -I../Core/Inc -I../Drivers/STM32L4xx_HAL_Driver/Inc -I../Drivers/STM32L4xx_HAL_Driver/Inc/Legacy -I../Drivers/CMSIS/Device/ST/STM32L4xx/Include -I../Drivers/CMSIS/Include -O0 -ffunction-sections -fdata-sections -Wall -fstack-usage -fcyclomatic-complexity -MMD -MP -MF"Drivers/STM32L4xx_HAL_Driver/Src/stm32l4xx_hal.d" -MT"Drivers/STM32L4xx_HAL_Driver/Src/stm32l4xx_hal.o" --specs=nano.specs -mfpu=fpv4-sp-d16 -mfloat-abi=hard -mthumb -o "Drivers/STM32L4xx_HAL_Driver/Src/stm32l4xx_hal.o"
arm-none-eabi-gcc "../Drivers/STM32L4xx_HAL_Driver/Src/stm32l4xx_hal_cortex.c" -mcpu=cortex-m4 -std=gnu11 -g3 -DDEBUG -DUSE_HAL_DRIVER -DSTM32L432xx -c -I../Core/Inc -I../Drivers/STM32L4xx_HAL_Driver/Inc -I../Drivers/STM32L4xx_HAL_Driver/Inc/Legacy -I../Drivers/CMSIS/Device/ST/STM32L4xx/Include -I../Drivers/CMSIS/Include -O0 -ffunction-sections -fdata-sections -Wall -fstack-usage -fcyclomatic-complexity -MMD -MP -MF"Drivers/STM32L4xx_HAL_Driver/Src/stm32l4xx_hal_cortex.d" -MT"Drivers/STM32L4xx_HAL_Driver/Src/stm32l4xx_hal_cortex.o" --specs=nano.specs -mfpu=fpv4-sp-d16 -mfloat-abi=hard -mthumb -o "Drivers/STM32L4xx_HAL_Driver/Src/stm32l4xx_hal_cortex.o"
arm-none-eabi-gcc "../Drivers/STM32L4xx_HAL_Driver/Src/stm32l4xx_hal_dma.c" -mcpu=cortex-m4 -std=gnu11 -g3 -DDEBUG -DUSE_HAL_DRIVER -DSTM32L432xx -c -I../Core/Inc -I../Drivers/STM32L4xx_HAL_Driver/Inc -I../Drivers/STM32L4xx_HAL_Driver/Inc/Legacy -I../Drivers/CMSIS/Device/ST/STM32L4xx/Include -I../Drivers/CMSIS/Include -O0 -ffunction-sections -fdata-sections -Wall -fstack-usage -fcyclomatic-complexity -MMD -MP -MF"Drivers/STM32L4xx_HAL_Driver/Src/stm32l4xx_hal_dma.d" -MT"Drivers/STM32L4xx_HAL_Driver/Src/stm32l4xx_hal_dma.o" --specs=nano.specs -mfpu=fpv4-sp-d16 -mfloat-abi=hard -mthumb -o "Drivers/STM32L4xx_HAL_Driver/Src/stm32l4xx_hal_dma.o"
arm-none-eabi-gcc "../Drivers/STM32L4xx_HAL_Driver/Src/stm32l4xx_hal_dma_ex.c" -mcpu=cortex-m4 -std=gnu11 -g3 -DDEBUG -DUSE_HAL_DRIVER -DSTM32L432xx -c -I../Core/Inc -I../Drivers/STM32L4xx_HAL_Driver/Inc -I../Drivers/STM32L4xx_HAL_Driver/Inc/Legacy -I../Drivers/CMSIS/Device/ST/STM32L4xx/Include -I../Drivers/CMSIS/Include -O0 -ffunction-sections -fdata-sections -Wall -fstack-usage -fcyclomatic-complexity -MMD -MP -MF"Drivers/STM32L4xx_HAL_Driver/Src/stm32l4xx_hal_dma_ex.d" -MT"Drivers/STM32L4xx_HAL_Driver/Src/stm32l4xx_hal_dma_ex.o" --specs=nano.specs -mfpu=fpv4-sp-d16 -mfloat-abi=hard -mthumb -o "Drivers/STM32L4xx_HAL_Driver/Src/stm32l4xx_hal_dma_ex.o"
arm-none-eabi-gcc "../Drivers/STM32L4xx_HAL_Driver/Src/stm32l4xx_hal_exti.c" -mcpu=cortex-m4 -std=gnu11 -g3 -DDEBUG -DUSE_HAL_DRIVER -DSTM32L432xx -c -I../Core/Inc -I../Drivers/STM32L4xx_HAL_Driver/Inc -I../Drivers/STM32L4xx_HAL_Driver/Inc/Legacy -I../Drivers/CMSIS/Device/ST/STM32L4xx/Include -I../Drivers/CMSIS/Include -O0 -ffunction-sections -fdata-sections -Wall -fstack-usage -fcyclomatic-complexity -MMD -MP -MF"Drivers/STM32L4xx_HAL_Driver/Src/stm32l4xx_hal_exti.d" -MT"Drivers/STM32L4xx_HAL_Driver/Src/stm32l4xx_hal_exti.o" --specs=nano.specs -mfpu=fpv4-sp-d16 -mfloat-abi=hard -mthumb -o "Drivers/STM32L4xx_HAL_Driver/Src/stm32l4xx_hal_exti.o"
arm-none-eabi-gcc "../Drivers/STM32L4xx_HAL_Driver/Src/stm32l4xx_hal_flash.c" -mcpu=cortex-m4 -std=gnu11 -g3 -DDEBUG -DUSE_HAL_DRIVER -DSTM32L432xx -c -I../Core/Inc -I../Drivers/STM32L4xx_HAL_Driver/Inc -I../Drivers/STM32L4xx_HAL_Driver/Inc/Legacy -I../Drivers/CMSIS/Device/ST/STM32L4xx/Include -I../Drivers/CMSIS/Include -O0 -ffunction-sections -fdata-sections -Wall -fstack-usage -fcyclomatic-complexity -MMD -MP -MF"Drivers/STM32L4xx_HAL_Driver/Src/stm32l4xx_hal_flash.d" -MT"Drivers/STM32L4xx_HAL_Driver/Src/stm32l4xx_hal_flash.o" --specs=nano.specs -mfpu=fpv4-sp-d16 -mfloat-abi=hard -mthumb -o "Drivers/STM32L4xx_HAL_Driver/Src/stm32l4xx_hal_flash.o"
arm-none-eabi-gcc "../Drivers/STM32L4xx_HAL_Driver/Src/stm32l4xx_hal_flash_ex.c" -mcpu=cortex-m4 -std=gnu11 -g3 -DDEBUG -DUSE_HAL_DRIVER -DSTM32L432xx -c -I../Core/Inc -I../Drivers/STM32L4xx_HAL_Driver/Inc -I../Drivers/STM32L4xx_HAL_Driver/Inc/Legacy -I../Drivers/CMSIS/Device/ST/STM32L4xx/Include -I../Drivers/CMSIS/Include -O0 -ffunction-sections -fdata-sections -Wall -fstack-usage -fcyclomatic-complexity -MMD -MP -MF"Drivers/STM32L4xx_HAL_Driver/Src/stm32l4xx_hal_flash_ex.d" -MT"Drivers/STM32L4xx_HAL_Driver/Src/stm32l4xx_hal_flash_ex.o" --specs=nano.specs -mfpu=fpv4-sp-d16 -mfloat-abi=hard -mthumb -o "Drivers/STM32L4xx_HAL_Driver/Src/stm32l4xx_hal_flash_ex.o"
arm-none-eabi-gcc "../Drivers/STM32L4xx_HAL_Driver/Src/stm32l4xx_hal_flash_ramfunc.c" -mcpu=cortex-m4 -std=gnu11 -g3 -DDEBUG -DUSE_HAL_DRIVER -DSTM32L432xx -c -I../Core/Inc -I../Drivers/STM32L4xx_HAL_Driver/Inc -I../Drivers/STM32L4xx_HAL_Driver/Inc/Legacy -I../Drivers/CMSIS/Device/ST/STM32L4xx/Include -I../Drivers/CMSIS/Include -O0 -ffunction-sections -fdata-sections -Wall -fstack-usage -fcyclomatic-complexity -MMD -MP -MF"Drivers/STM32L4xx_HAL_Driver/Src/stm32l4xx_hal_flash_ramfunc.d" -MT"Drivers/STM32L4xx_HAL_Driver/Src/stm32l4xx_hal_flash_ramfunc.o" --specs=nano.specs -mfpu=fpv4-sp-d16 -mfloat-abi=hard -mthumb -o "Drivers/STM32L4xx_HAL_Driver/Src/stm32l4xx_hal_flash_ramfunc.o"
arm-none-eabi-gcc "../Drivers/STM32L4xx_HAL_Driver/Src/stm32l4xx_hal_gpio.c" -mcpu=cortex-m4 -std=gnu11 -g3 -DDEBUG -DUSE_HAL_DRIVER -DSTM32L432xx -c -I../Core/Inc -I../Drivers/STM32L4xx_HAL_Driver/Inc -I../Drivers/STM32L4xx_HAL_Driver/Inc/Legacy -I../Drivers/CMSIS/Device/ST/STM32L4xx/Include -I../Drivers/CMSIS/Include -O0 -ffunction-sections -fdata-sections -Wall -fstack-usage -fcyclomatic-complexity -MMD -MP -MF"Drivers/STM32L4xx_HAL_Driver/Src/stm32l4xx_hal_gpio.d" -MT"Drivers/STM32L4xx_HAL_Driver/Src/stm32l4xx_hal_gpio.o" --specs=nano.specs -mfpu=fpv4-sp-d16 -mfloat-abi=hard -mthumb -o "Drivers/STM32L4xx_HAL_Driver/Src/stm32l4xx_hal_gpio.o"
arm-none-eabi-gcc "../Drivers/STM32L4xx_HAL_Driver/Src/stm32l4xx_hal_pwr.c" -mcpu=cortex-m4 -std=gnu11 -g3 -DDEBUG -DUSE_HAL_DRIVER -DSTM32L432xx -c -I../Core/Inc -I../Drivers/STM32L4xx_HAL_Driver/Inc -I../Drivers/STM32L4xx_HAL_Driver/Inc/Legacy -I../Drivers/CMSIS/Device/ST/STM32L4xx/Include -I../Drivers/CMSIS/Include -O0 -ffunction-sections -fdata-sections -Wall -fstack-usage -fcyclomatic-complexity -MMD -MP -MF"Drivers/STM32L4xx_HAL_Driver/Src/stm32l4xx_hal_pwr.d" -MT"Drivers/STM32L4xx_HAL_Driver/Src/stm32l4xx_hal_pwr.o" --specs=nano.specs -mfpu=fpv4-sp-d16 -mfloat-abi=hard -mthumb -o "Drivers/STM32L4xx_HAL_Driver/Src/stm32l4xx_hal_pwr.o"
arm-none-eabi-gcc "../Drivers/STM32L4xx_HAL_Driver/Src/stm32l4xx_hal_pwr_ex.c" -mcpu=cortex-m4 -std=gnu11 -g3 -DDEBUG -DUSE_HAL_DRIVER -DSTM32L432xx -c -I../Core/Inc -I../Drivers/STM32L4xx_HAL_Driver/Inc -I../Drivers/STM32L4xx_HAL_Driver/Inc/Legacy -I../Drivers/CMSIS/Device/ST/STM32L4xx/Include -I../Drivers/CMSIS/Include -O0 -ffunction-sections -fdata-sections -Wall -fstack-usage -fcyclomatic-complexity -MMD -MP -MF"Drivers/STM32L4xx_HAL_Driver/Src/stm32l4xx_hal_pwr_ex.d" -MT"Drivers/STM32L4xx_HAL_Driver/Src/stm32l4xx_hal_pwr_ex.o" --specs=nano.specs -mfpu=fpv4-sp-d16 -mfloat-abi=hard -mthumb -o "Drivers/STM32L4xx_HAL_Driver/Src/stm32l4xx_hal_pwr_ex.o"
arm-none-eabi-gcc "../Drivers/STM32L4xx_HAL_Driver/Src/stm32l4xx_hal_rcc.c" -mcpu=cortex-m4 -std=gnu11 -g3 -DDEBUG -DUSE_HAL_DRIVER -DSTM32L432xx -c -I../Core/Inc -I../Drivers/STM32L4xx_HAL_Driver/Inc -I../Drivers/STM32L4xx_HAL_Driver/Inc/Legacy -I../Drivers/CMSIS/Device/ST/STM32L4xx/Include -I../Drivers/CMSIS/Include -O0 -ffunction-sections -fdata-sections -Wall -fstack-usage -fcyclomatic-complexity -MMD -MP -MF"Drivers/STM32L4xx_HAL_Driver/Src/stm32l4xx_hal_rcc.d" -MT"Drivers/STM32L4xx_HAL_Driver/Src/stm32l4xx_hal_rcc.o" --specs=nano.specs -mfpu=fpv4-sp-d16 -mfloat-abi=hard -mthumb -o "Drivers/STM32L4xx_HAL_Driver/Src/stm32l4xx_hal_rcc.o"
arm-none-eabi-gcc "../Drivers/STM32L4xx_HAL_Driver/Src/stm32l4xx_hal_rcc_ex.c" -mcpu=cortex-m4 -std=gnu11 -g3 -DDEBUG -DUSE_HAL_DRIVER -DSTM32L432xx -c -I../Core/Inc -I../Drivers/STM32L4xx_HAL_Driver/Inc -I../Drivers/STM32L4xx_HAL_Driver/Inc/Legacy -I../Drivers/CMSIS/Device/ST/STM32L4xx/Include -I../Drivers/CMSIS/Include -O0 -ffunction-sections -fdata-sections -Wall -fstack-usage -fcyclomatic-complexity -MMD -MP -MF"Drivers/STM32L4xx_HAL_Driver/Src/stm32l4xx_hal_rcc_ex.d" -MT"Drivers/STM32L4xx_HAL_Driver/Src/stm32l4xx_hal_rcc_ex.o" --specs=nano.specs -mfpu=fpv4-sp-d16 -mfloat-abi=hard -mthumb -o "Drivers/STM32L4xx_HAL_Driver/Src/stm32l4xx_hal_rcc_ex.o"
arm-none-eabi-gcc "../Drivers/STM32L4xx_HAL_Driver/Src/stm32l4xx_hal_tim.c" -mcpu=cortex-m4 -std=gnu11 -g3 -DDEBUG -DUSE_HAL_DRIVER -DSTM32L432xx -c -I../Core/Inc -I../Drivers/STM32L4xx_HAL_Driver/Inc -I../Drivers/STM32L4xx_HAL_Driver/Inc/Legacy -I../Drivers/CMSIS/Device/ST/STM32L4xx/Include -I../Drivers/CMSIS/Include -O0 -ffunction-sections -fdata-sections -Wall -fstack-usage -fcyclomatic-complexity -MMD -MP -MF"Drivers/STM32L4xx_HAL_Driver/Src/stm32l4xx_hal_tim.d" -MT"Drivers/STM32L4xx_HAL_Driver/Src/stm32l4xx_hal_tim.o" --specs=nano.specs -mfpu=fpv4-sp-d16 -mfloat-abi=hard -mthumb -o "Drivers/STM32L4xx_HAL_Driver/Src/stm32l4xx_hal_tim.o"
arm-none-eabi-gcc "../Drivers/STM32L4xx_HAL_Driver/Src/stm32l4xx_hal_tim_ex.c" -mcpu=cortex-m4 -std=gnu11 -g3 -DDEBUG -DUSE_HAL_DRIVER -DSTM32L432xx -c -I../Core/Inc -I../Drivers/STM32L4xx_HAL_Driver/Inc -I../Drivers/STM32L4xx_HAL_Driver/Inc/Legacy -I../Drivers/CMSIS/Device/ST/STM32L4xx/Include -I../Drivers/CMSIS/Include -O0 -ffunction-sections -fdata-sections -Wall -fstack-usage -fcyclomatic-complexity -MMD -MP -MF"Drivers/STM32L4xx_HAL_Driver/Src/stm32l4xx_hal_tim_ex.d" -MT"Drivers/STM32L4xx_HAL_Driver/Src/stm32l4xx_hal_tim_ex.o" --specs=nano.specs -mfpu=fpv4-sp-d16 -mfloat-abi=hard -mthumb -o "Drivers/STM32L4xx_HAL_Driver/Src/stm32l4xx_hal_tim_ex.o"
arm-none-eabi-gcc "../Drivers/STM32L4xx_HAL_Driver/Src/stm32l4xx_hal_uart.c" -mcpu=cortex-m4 -std=gnu11 -g3 -DDEBUG -DUSE_HAL_DRIVER -DSTM32L432xx -c -I../Core/Inc -I../Drivers/STM32L4xx_HAL_Driver/Inc -I../Drivers/STM32L4xx_HAL_Driver/Inc/Legacy -I../Drivers/CMSIS/Device/ST/STM32L4xx/Include -I../Drivers/CMSIS/Include -O0 -ffunction-sections -fdata-sections -Wall -fstack-usage -fcyclomatic-complexity -MMD -MP -MF"Drivers/STM32L4xx_HAL_Driver/Src/stm32l4xx_hal_uart.d" -MT"Drivers/STM32L4xx_HAL_Driver/Src/stm32l4xx_hal_uart.o" --specs=nano.specs -mfpu=fpv4-sp-d16 -mfloat-abi=hard -mthumb -o "Drivers/STM32L4xx_HAL_Driver/Src/stm32l4xx_hal_uart.o"
arm-none-eabi-gcc "../Drivers/STM32L4xx_HAL_Driver/Src/stm32l4xx_hal_uart_ex.c" -mcpu=cortex-m4 -std=gnu11 -g3 -DDEBUG -DUSE_HAL_DRIVER -DSTM32L432xx -c -I../Core/Inc -I../Drivers/STM32L4xx_HAL_Driver/Inc -I../Drivers/STM32L4xx_HAL_Driver/Inc/Legacy -I../Drivers/CMSIS/Device/ST/STM32L4xx/Include -I../Drivers/CMSIS/Include -O0 -ffunction-sections -fdata-sections -Wall -fstack-usage -fcyclomatic-complexity -MMD -MP -MF"Drivers/STM32L4xx_HAL_Driver/Src/stm32l4xx_hal_uart_ex.d" -MT"Drivers/STM32L4xx_HAL_Driver/Src/stm32l4xx_hal_uart_ex.o" --specs=nano.specs -mfpu=fpv4-sp-d16 -mfloat-abi=hard -mthumb -o "Drivers/STM32L4xx_HAL_Driver/Src/stm32l4xx_hal_uart_ex.o"
arm-none-eabi-gcc -mcpu=cortex-m4 -g3 -DDEBUG -c -x assembler-with-cpp -MMD -MP -MF"Core/Startup/startup_stm32l432kcux.d" -MT"Core/Startup/startup_stm32l432kcux.o" --specs=nano.specs -mfpu=fpv4-sp-d16 -mfloat-abi=hard -mthumb -o "Core/Startup/startup_stm32l432kcux.o" "../Core/Startup/startup_stm32l432kcux.s"
arm-none-eabi-gcc "../Core/Src/debounce.c" -mcpu=cortex-m4 -std=gnu11 -g3 -DDEBUG -DUSE_HAL_DRIVER -DSTM32L432xx -c -I../Core/Inc -I../Drivers/STM32L4xx_HAL_Driver/Inc -I../Drivers/STM32L4xx_HAL_Driver/Inc/Legacy -I../Drivers/CMSIS/Device/ST/STM32L4xx/Include -I../Drivers/CMSIS/Include -O0 -ffunction-sections -fdata-sections -Wall -fstack-usage -fcyclomatic-complexity -MMD -MP -MF"Core/Src/debounce.d" -MT"Core/Src/debounce.o" --specs=nano.specs -mfpu=fpv4-sp-d16 -mfloat-abi=hard -mthumb -o "Core/Src/debounce.o"
arm-none-eabi-gcc "../Core/Src/fonts.c" -mcpu=cortex-m4 -std=gnu11 -g3 -DDEBUG -DUSE_HAL_DRIVER -DSTM32L432xx -c -I../Core/Inc -I../Drivers/STM32L4xx_HAL_Driver/Inc -I../Drivers/STM32L4xx_HAL_Driver/Inc/Legacy -I../Drivers/CMSIS/Device/ST/STM32L4xx/Include -I../Drivers/CMSIS/Include -O0 -ffunction-sections -fdata-sections -Wall -fstack-usage -fcyclomatic-complexity -MMD -MP -MF"Core/Src/fonts.d" -MT"Core/Src/fonts.o" --specs=nano.specs -mfpu=fpv4-sp-d16 -mfloat-abi=hard -mthumb -o "Core/Src/fonts.o"
arm-none-eabi-gcc "../Core/Src/main.c" -mcpu=cortex-m4 -std=gnu11 -g3 -DDEBUG -DUSE_HAL_DRIVER -DSTM32L432xx -c -I../Core/Inc -I../Drivers/STM32L4xx_HAL_Driver/Inc -I../Drivers/STM32L4xx_HAL_Driver/Inc/Legacy -I../Drivers/CMSIS/Device/ST/STM32L4xx/Include -I../Drivers/CMSIS/Include -O0 -ffunction-sections -fdata-sections -Wall -fstack-usage -fcyclomatic-complexity -MMD -MP -MF"Core/Src/main.d" -MT"Core/Src/main.o" --specs=nano.specs -mfpu=fpv4-sp-d16 -mfloat-abi=hard -mthumb -o "Core/Src/main.o"
arm-none-eabi-gcc "../Core/Src/ssd1331.c" -mcpu=cortex-m4 -std=gnu11 -g3 -DDEBUG -DUSE_HAL_DRIVER -DSTM32L432xx -c -I../Core/Inc -I../Drivers/STM32L4xx_HAL_Driver/Inc -I../Drivers/STM32L4xx_HAL_Driver/Inc/Legacy -I../Drivers/CMSIS/Device/ST/STM32L4xx/Include -I../Drivers/CMSIS/Include -O0 -ffunction-sections -fdata-sections -Wall -fstack-usage -fcyclomatic-complexity -MMD -MP -MF"Core/Src/ssd1331.d" -MT"Core/Src/ssd1331.o" --specs=nano.specs -mfpu=fpv4-sp-d16 -mfloat-abi=hard -mthumb -o "Core/Src/ssd1331.o"
../Core/Src/main.c: In function 'gpsParser':
../Core/Src/main.c:149:17: warning: assignment to 'char' from 'void *' makes integer from pointer without a cast [-Wint-conversion]
  149 |         *string = NULL;
      |                 ^
../Core/Src/main.c:170:25: warning: assignment to 'char' from 'void *' makes integer from pointer without a cast [-Wint-conversion]
  170 |   gpsdata.sentenceID[7] = NULL;
      |                         ^
../Core/Src/main.c:287:25: warning: assignment to 'char' from 'void *' makes integer from pointer without a cast [-Wint-conversion]
  287 |     gpsdata.checkSum[i] = NULL;
      |                         ^
../Core/Src/main.c:289:12: warning: comparison between pointer and zero character constant [-Wpointer-compare]
  289 |   if(token != '\0'){
      |            ^~
../Core/Src/main.c:289:6: note: did you mean to dereference the pointer?
  289 |   if(token != '\0'){
      |      ^
../Core/Src/main.c: In function 'displayStrings':
../Core/Src/main.c:340:64: warning: passing argument 1 of 'atoi' from incompatible pointer type [-Wincompatible-pointer-types]
  340 |   snprintf(satellitesUsedString,64,"Satellites Used: %d", atoi(&gpsdata.satellitesUsed));
      |                                                                ^~~~~~~~~~~~~~~~~~~~~~~
      |                                                                |
      |                                                                char (*)[2]
In file included from ../Core/Src/main.c:27:
c:\st\stm32cubeide_1.11.2\stm32cubeide\plugins\com.st.stm32cube.ide.mcu.externaltools.gnu-tools-for-stm32.10.3-2021.10.win32_1.0.200.202301161003\tools\arm-none-eabi\include\stdlib.h:81:23: note: expected 'const char *' but argument is of type 'char (*)[2]'
   81 | int atoi (const char *__nptr);
      |           ~~~~~~~~~~~~^~~~~~
../Core/Src/main.c:379:13: warning: implicit declaration of function 'ssd1331_display_screen'; did you mean 'ssd1331_display_string'? [-Wimplicit-function-declaration]
  379 |             ssd1331_display_screen(0,10,latitudeMeasureString,FONT_1206,WHITE);
      |             ^~~~~~~~~~~~~~~~~~~~~~
      |             ssd1331_display_string
../Core/Src/main.c: In function 'main':
../Core/Src/main.c:491:54: error: 'string' undeclared (first use in this function); did you mean 'stdin'?
  491 |     scanf("Please Enter geo-location string\r\n %s",&string);
      |                                                      ^~~~~~
      |                                                      stdin
../Core/Src/main.c:491:54: note: each undeclared identifier is reported only once for each function it appears in
arm-none-eabi-gcc "../Core/Src/stm32l4xx_hal_msp.c" -mcpu=cortex-m4 -std=gnu11 -g3 -DDEBUG -DUSE_HAL_DRIVER -DSTM32L432xx -c -I../Core/Inc -I../Drivers/STM32L4xx_HAL_Driver/Inc -I../Drivers/STM32L4xx_HAL_Driver/Inc/Legacy -I../Drivers/CMSIS/Device/ST/STM32L4xx/Include -I../Drivers/CMSIS/Include -O0 -ffunction-sections -fdata-sections -Wall -fstack-usage -fcyclomatic-complexity -MMD -MP -MF"Core/Src/stm32l4xx_hal_msp.d" -MT"Core/Src/stm32l4xx_hal_msp.o" --specs=nano.specs -mfpu=fpv4-sp-d16 -mfloat-abi=hard -mthumb -o "Core/Src/stm32l4xx_hal_msp.o"
make: *** [Core/Src/subdir.mk:43: Core/Src/main.o] Error 1
make: *** Waiting for unfinished jobs....
../Core/Src/ssd1331.c:31:8: error: unknown type name 'SPI_HandleTypeDef'
   31 | extern SPI_HandleTypeDef hspi1;
      |        ^~~~~~~~~~~~~~~~~
../Core/Src/ssd1331.c: In function 'ssd1331_write_byte':
../Core/Src/ssd1331.c:47:38: warning: implicit declaration of function 'HAL_SPI_Transmit'; did you mean 'HAL_UART_Transmit'? [-Wimplicit-function-declaration]
   47 | #define __SSD1331_WRITE_BYTE(__DATA) HAL_SPI_Transmit(&hspi1, &(__DATA),1,100)
      |                                      ^~~~~~~~~~~~~~~~
../Core/Src/ssd1331.c:129:2: note: in expansion of macro '__SSD1331_WRITE_BYTE'
  129 |  __SSD1331_WRITE_BYTE(chData);
      |  ^~~~~~~~~~~~~~~~~~~~
make: *** [Core/Src/subdir.mk:43: Core/Src/ssd1331.o] Error 1
"make -j4 all" terminated with exit code 2. Build might be incomplete.
15:21:55 **** Incremental Build of configuration Debug for project rgrewalassignmen5 ****
make -j4 all 
arm-none-eabi-gcc "../Core/Src/main.c" -mcpu=cortex-m4 -std=gnu11 -g3 -DDEBUG -DUSE_HAL_DRIVER -DSTM32L432xx -c -I../Core/Inc -I../Drivers/STM32L4xx_HAL_Driver/Inc -I../Drivers/STM32L4xx_HAL_Driver/Inc/Legacy -I../Drivers/CMSIS/Device/ST/STM32L4xx/Include -I../Drivers/CMSIS/Include -O0 -ffunction-sections -fdata-sections -Wall -fstack-usage -fcyclomatic-complexity -MMD -MP -MF"Core/Src/main.d" -MT"Core/Src/main.o" --specs=nano.specs -mfpu=fpv4-sp-d16 -mfloat-abi=hard -mthumb -o "Core/Src/main.o"
arm-none-eabi-gcc "../Core/Src/ssd1331.c" -mcpu=cortex-m4 -std=gnu11 -g3 -DDEBUG -DUSE_HAL_DRIVER -DSTM32L432xx -c -I../Core/Inc -I../Drivers/STM32L4xx_HAL_Driver/Inc -I../Drivers/STM32L4xx_HAL_Driver/Inc/Legacy -I../Drivers/CMSIS/Device/ST/STM32L4xx/Include -I../Drivers/CMSIS/Include -O0 -ffunction-sections -fdata-sections -Wall -fstack-usage -fcyclomatic-complexity -MMD -MP -MF"Core/Src/ssd1331.d" -MT"Core/Src/ssd1331.o" --specs=nano.specs -mfpu=fpv4-sp-d16 -mfloat-abi=hard -mthumb -o "Core/Src/ssd1331.o"
arm-none-eabi-gcc "../Core/Src/stm32l4xx_it.c" -mcpu=cortex-m4 -std=gnu11 -g3 -DDEBUG -DUSE_HAL_DRIVER -DSTM32L432xx -c -I../Core/Inc -I../Drivers/STM32L4xx_HAL_Driver/Inc -I../Drivers/STM32L4xx_HAL_Driver/Inc/Legacy -I../Drivers/CMSIS/Device/ST/STM32L4xx/Include -I../Drivers/CMSIS/Include -O0 -ffunction-sections -fdata-sections -Wall -fstack-usage -fcyclomatic-complexity -MMD -MP -MF"Core/Src/stm32l4xx_it.d" -MT"Core/Src/stm32l4xx_it.o" --specs=nano.specs -mfpu=fpv4-sp-d16 -mfloat-abi=hard -mthumb -o "Core/Src/stm32l4xx_it.o"
arm-none-eabi-gcc "../Core/Src/syscalls.c" -mcpu=cortex-m4 -std=gnu11 -g3 -DDEBUG -DUSE_HAL_DRIVER -DSTM32L432xx -c -I../Core/Inc -I../Drivers/STM32L4xx_HAL_Driver/Inc -I../Drivers/STM32L4xx_HAL_Driver/Inc/Legacy -I../Drivers/CMSIS/Device/ST/STM32L4xx/Include -I../Drivers/CMSIS/Include -O0 -ffunction-sections -fdata-sections -Wall -fstack-usage -fcyclomatic-complexity -MMD -MP -MF"Core/Src/syscalls.d" -MT"Core/Src/syscalls.o" --specs=nano.specs -mfpu=fpv4-sp-d16 -mfloat-abi=hard -mthumb -o "Core/Src/syscalls.o"
../Core/Src/main.c: In function 'gpsParser':
../Core/Src/main.c:149:17: warning: assignment to 'char' from 'void *' makes integer from pointer without a cast [-Wint-conversion]
  149 |         *string = NULL;
      |                 ^
../Core/Src/main.c:170:25: warning: assignment to 'char' from 'void *' makes integer from pointer without a cast [-Wint-conversion]
  170 |   gpsdata.sentenceID[7] = NULL;
      |                         ^
../Core/Src/main.c:287:25: warning: assignment to 'char' from 'void *' makes integer from pointer without a cast [-Wint-conversion]
  287 |     gpsdata.checkSum[i] = NULL;
      |                         ^
../Core/Src/main.c:289:12: warning: comparison between pointer and zero character constant [-Wpointer-compare]
  289 |   if(token != '\0'){
      |            ^~
../Core/Src/main.c:289:6: note: did you mean to dereference the pointer?
  289 |   if(token != '\0'){
      |      ^
../Core/Src/main.c: In function 'displayStrings':
../Core/Src/main.c:340:64: warning: passing argument 1 of 'atoi' from incompatible pointer type [-Wincompatible-pointer-types]
  340 |   snprintf(satellitesUsedString,64,"Satellites Used: %d", atoi(&gpsdata.satellitesUsed));
      |                                                                ^~~~~~~~~~~~~~~~~~~~~~~
      |                                                                |
      |                                                                char (*)[2]
In file included from ../Core/Src/main.c:27:
c:\st\stm32cubeide_1.11.2\stm32cubeide\plugins\com.st.stm32cube.ide.mcu.externaltools.gnu-tools-for-stm32.10.3-2021.10.win32_1.0.200.202301161003\tools\arm-none-eabi\include\stdlib.h:81:23: note: expected 'const char *' but argument is of type 'char (*)[2]'
   81 | int atoi (const char *__nptr);
      |           ~~~~~~~~~~~~^~~~~~
../Core/Src/ssd1331.c:31:8: error: unknown type name 'SPI_HandleTypeDef'
   31 | extern SPI_HandleTypeDef hspi1;
      |        ^~~~~~~~~~~~~~~~~
../Core/Src/main.c:379:13: warning: implicit declaration of function 'ssd1331_display_screen'; did you mean 'ssd1331_display_string'? [-Wimplicit-function-declaration]
  379 |             ssd1331_display_screen(0,10,latitudeMeasureString,FONT_1206,WHITE);
      |             ^~~~~~~~~~~~~~~~~~~~~~
      |             ssd1331_display_string
../Core/Src/main.c: In function 'main':
../Core/Src/main.c:492:50: warning: format '%s' expects argument of type 'char *', but argument 2 has type 'char (*)[80]' [-Wformat=]
  492 |     scanf("Please Enter geo-location string\r\n %s",&string);
      |                                                 ~^  ~~~~~~~
      |                                                  |  |
      |                                                  |  char (*)[80]
      |                                                  char *
../Core/Src/ssd1331.c: In function 'ssd1331_write_byte':
../Core/Src/ssd1331.c:47:38: warning: implicit declaration of function 'HAL_SPI_Transmit'; did you mean 'HAL_UART_Transmit'? [-Wimplicit-function-declaration]
   47 | #define __SSD1331_WRITE_BYTE(__DATA) HAL_SPI_Transmit(&hspi1, &(__DATA),1,100)
      |                                      ^~~~~~~~~~~~~~~~
../Core/Src/ssd1331.c:129:2: note: in expansion of macro '__SSD1331_WRITE_BYTE'
  129 |  __SSD1331_WRITE_BYTE(chData);
      |  ^~~~~~~~~~~~~~~~~~~~
make: *** [Core/Src/subdir.mk:43: Core/Src/ssd1331.o] Error 1
make: *** Waiting for unfinished jobs....
"make -j4 all" terminated with exit code 2. Build might be incomplete.
15:23:21 **** Incremental Build of configuration Debug for project rgrewalassignmen5 ****
make -j4 all 
arm-none-eabi-gcc "../Core/Src/ssd1331.c" -mcpu=cortex-m4 -std=gnu11 -g3 -DDEBUG -DUSE_HAL_DRIVER -DSTM32L432xx -c -I../Core/Inc -I../Drivers/STM32L4xx_HAL_Driver/Inc -I../Drivers/STM32L4xx_HAL_Driver/Inc/Legacy -I../Drivers/CMSIS/Device/ST/STM32L4xx/Include -I../Drivers/CMSIS/Include -O0 -ffunction-sections -fdata-sections -Wall -fstack-usage -fcyclomatic-complexity -MMD -MP -MF"Core/Src/ssd1331.d" -MT"Core/Src/ssd1331.o" --specs=nano.specs -mfpu=fpv4-sp-d16 -mfloat-abi=hard -mthumb -o "Core/Src/ssd1331.o"
arm-none-eabi-gcc "../Core/Src/sysmem.c" -mcpu=cortex-m4 -std=gnu11 -g3 -DDEBUG -DUSE_HAL_DRIVER -DSTM32L432xx -c -I../Core/Inc -I../Drivers/STM32L4xx_HAL_Driver/Inc -I../Drivers/STM32L4xx_HAL_Driver/Inc/Legacy -I../Drivers/CMSIS/Device/ST/STM32L4xx/Include -I../Drivers/CMSIS/Include -O0 -ffunction-sections -fdata-sections -Wall -fstack-usage -fcyclomatic-complexity -MMD -MP -MF"Core/Src/sysmem.d" -MT"Core/Src/sysmem.o" --specs=nano.specs -mfpu=fpv4-sp-d16 -mfloat-abi=hard -mthumb -o "Core/Src/sysmem.o"
arm-none-eabi-gcc "../Core/Src/system_stm32l4xx.c" -mcpu=cortex-m4 -std=gnu11 -g3 -DDEBUG -DUSE_HAL_DRIVER -DSTM32L432xx -c -I../Core/Inc -I../Drivers/STM32L4xx_HAL_Driver/Inc -I../Drivers/STM32L4xx_HAL_Driver/Inc/Legacy -I../Drivers/CMSIS/Device/ST/STM32L4xx/Include -I../Drivers/CMSIS/Include -O0 -ffunction-sections -fdata-sections -Wall -fstack-usage -fcyclomatic-complexity -MMD -MP -MF"Core/Src/system_stm32l4xx.d" -MT"Core/Src/system_stm32l4xx.o" --specs=nano.specs -mfpu=fpv4-sp-d16 -mfloat-abi=hard -mthumb -o "Core/Src/system_stm32l4xx.o"
../Core/Src/ssd1331.c:31:8: error: unknown type name 'SPI_HandleTypeDef'
   31 | extern SPI_HandleTypeDef hspi1;
      |        ^~~~~~~~~~~~~~~~~
../Core/Src/ssd1331.c: In function 'ssd1331_write_byte':
../Core/Src/ssd1331.c:47:38: warning: implicit declaration of function 'HAL_SPI_Transmit'; did you mean 'HAL_UART_Transmit'? [-Wimplicit-function-declaration]
   47 | #define __SSD1331_WRITE_BYTE(__DATA) HAL_SPI_Transmit(&hspi1, &(__DATA),1,100)
      |                                      ^~~~~~~~~~~~~~~~
../Core/Src/ssd1331.c:129:2: note: in expansion of macro '__SSD1331_WRITE_BYTE'
  129 |  __SSD1331_WRITE_BYTE(chData);
      |  ^~~~~~~~~~~~~~~~~~~~
make: *** [Core/Src/subdir.mk:43: Core/Src/ssd1331.o] Error 1
make: *** Waiting for unfinished jobs....
"make -j4 all" terminated with exit code 2. Build might be incomplete.
15:26:30 **** Incremental Build of configuration Debug for project rgrewalassignmen5 ****
make -j4 all 
arm-none-eabi-gcc "../Drivers/STM32L4xx_HAL_Driver/Src/stm32l4xx_hal.c" -mcpu=cortex-m4 -std=gnu11 -g3 -DDEBUG -DUSE_HAL_DRIVER -DSTM32L432xx -c -I../Core/Inc -I../Drivers/STM32L4xx_HAL_Driver/Inc -I../Drivers/STM32L4xx_HAL_Driver/Inc/Legacy -I../Drivers/CMSIS/Device/ST/STM32L4xx/Include -I../Drivers/CMSIS/Include -O0 -ffunction-sections -fdata-sections -Wall -fstack-usage -fcyclomatic-complexity -MMD -MP -MF"Drivers/STM32L4xx_HAL_Driver/Src/stm32l4xx_hal.d" -MT"Drivers/STM32L4xx_HAL_Driver/Src/stm32l4xx_hal.o" --specs=nano.specs -mfpu=fpv4-sp-d16 -mfloat-abi=hard -mthumb -o "Drivers/STM32L4xx_HAL_Driver/Src/stm32l4xx_hal.o"
arm-none-eabi-gcc "../Drivers/STM32L4xx_HAL_Driver/Src/stm32l4xx_hal_cortex.c" -mcpu=cortex-m4 -std=gnu11 -g3 -DDEBUG -DUSE_HAL_DRIVER -DSTM32L432xx -c -I../Core/Inc -I../Drivers/STM32L4xx_HAL_Driver/Inc -I../Drivers/STM32L4xx_HAL_Driver/Inc/Legacy -I../Drivers/CMSIS/Device/ST/STM32L4xx/Include -I../Drivers/CMSIS/Include -O0 -ffunction-sections -fdata-sections -Wall -fstack-usage -fcyclomatic-complexity -MMD -MP -MF"Drivers/STM32L4xx_HAL_Driver/Src/stm32l4xx_hal_cortex.d" -MT"Drivers/STM32L4xx_HAL_Driver/Src/stm32l4xx_hal_cortex.o" --specs=nano.specs -mfpu=fpv4-sp-d16 -mfloat-abi=hard -mthumb -o "Drivers/STM32L4xx_HAL_Driver/Src/stm32l4xx_hal_cortex.o"
arm-none-eabi-gcc "../Drivers/STM32L4xx_HAL_Driver/Src/stm32l4xx_hal_dma.c" -mcpu=cortex-m4 -std=gnu11 -g3 -DDEBUG -DUSE_HAL_DRIVER -DSTM32L432xx -c -I../Core/Inc -I../Drivers/STM32L4xx_HAL_Driver/Inc -I../Drivers/STM32L4xx_HAL_Driver/Inc/Legacy -I../Drivers/CMSIS/Device/ST/STM32L4xx/Include -I../Drivers/CMSIS/Include -O0 -ffunction-sections -fdata-sections -Wall -fstack-usage -fcyclomatic-complexity -MMD -MP -MF"Drivers/STM32L4xx_HAL_Driver/Src/stm32l4xx_hal_dma.d" -MT"Drivers/STM32L4xx_HAL_Driver/Src/stm32l4xx_hal_dma.o" --specs=nano.specs -mfpu=fpv4-sp-d16 -mfloat-abi=hard -mthumb -o "Drivers/STM32L4xx_HAL_Driver/Src/stm32l4xx_hal_dma.o"
arm-none-eabi-gcc "../Drivers/STM32L4xx_HAL_Driver/Src/stm32l4xx_hal_dma_ex.c" -mcpu=cortex-m4 -std=gnu11 -g3 -DDEBUG -DUSE_HAL_DRIVER -DSTM32L432xx -c -I../Core/Inc -I../Drivers/STM32L4xx_HAL_Driver/Inc -I../Drivers/STM32L4xx_HAL_Driver/Inc/Legacy -I../Drivers/CMSIS/Device/ST/STM32L4xx/Include -I../Drivers/CMSIS/Include -O0 -ffunction-sections -fdata-sections -Wall -fstack-usage -fcyclomatic-complexity -MMD -MP -MF"Drivers/STM32L4xx_HAL_Driver/Src/stm32l4xx_hal_dma_ex.d" -MT"Drivers/STM32L4xx_HAL_Driver/Src/stm32l4xx_hal_dma_ex.o" --specs=nano.specs -mfpu=fpv4-sp-d16 -mfloat-abi=hard -mthumb -o "Drivers/STM32L4xx_HAL_Driver/Src/stm32l4xx_hal_dma_ex.o"
arm-none-eabi-gcc "../Drivers/STM32L4xx_HAL_Driver/Src/stm32l4xx_hal_exti.c" -mcpu=cortex-m4 -std=gnu11 -g3 -DDEBUG -DUSE_HAL_DRIVER -DSTM32L432xx -c -I../Core/Inc -I../Drivers/STM32L4xx_HAL_Driver/Inc -I../Drivers/STM32L4xx_HAL_Driver/Inc/Legacy -I../Drivers/CMSIS/Device/ST/STM32L4xx/Include -I../Drivers/CMSIS/Include -O0 -ffunction-sections -fdata-sections -Wall -fstack-usage -fcyclomatic-complexity -MMD -MP -MF"Drivers/STM32L4xx_HAL_Driver/Src/stm32l4xx_hal_exti.d" -MT"Drivers/STM32L4xx_HAL_Driver/Src/stm32l4xx_hal_exti.o" --specs=nano.specs -mfpu=fpv4-sp-d16 -mfloat-abi=hard -mthumb -o "Drivers/STM32L4xx_HAL_Driver/Src/stm32l4xx_hal_exti.o"
arm-none-eabi-gcc "../Drivers/STM32L4xx_HAL_Driver/Src/stm32l4xx_hal_flash.c" -mcpu=cortex-m4 -std=gnu11 -g3 -DDEBUG -DUSE_HAL_DRIVER -DSTM32L432xx -c -I../Core/Inc -I../Drivers/STM32L4xx_HAL_Driver/Inc -I../Drivers/STM32L4xx_HAL_Driver/Inc/Legacy -I../Drivers/CMSIS/Device/ST/STM32L4xx/Include -I../Drivers/CMSIS/Include -O0 -ffunction-sections -fdata-sections -Wall -fstack-usage -fcyclomatic-complexity -MMD -MP -MF"Drivers/STM32L4xx_HAL_Driver/Src/stm32l4xx_hal_flash.d" -MT"Drivers/STM32L4xx_HAL_Driver/Src/stm32l4xx_hal_flash.o" --specs=nano.specs -mfpu=fpv4-sp-d16 -mfloat-abi=hard -mthumb -o "Drivers/STM32L4xx_HAL_Driver/Src/stm32l4xx_hal_flash.o"
arm-none-eabi-gcc "../Drivers/STM32L4xx_HAL_Driver/Src/stm32l4xx_hal_flash_ex.c" -mcpu=cortex-m4 -std=gnu11 -g3 -DDEBUG -DUSE_HAL_DRIVER -DSTM32L432xx -c -I../Core/Inc -I../Drivers/STM32L4xx_HAL_Driver/Inc -I../Drivers/STM32L4xx_HAL_Driver/Inc/Legacy -I../Drivers/CMSIS/Device/ST/STM32L4xx/Include -I../Drivers/CMSIS/Include -O0 -ffunction-sections -fdata-sections -Wall -fstack-usage -fcyclomatic-complexity -MMD -MP -MF"Drivers/STM32L4xx_HAL_Driver/Src/stm32l4xx_hal_flash_ex.d" -MT"Drivers/STM32L4xx_HAL_Driver/Src/stm32l4xx_hal_flash_ex.o" --specs=nano.specs -mfpu=fpv4-sp-d16 -mfloat-abi=hard -mthumb -o "Drivers/STM32L4xx_HAL_Driver/Src/stm32l4xx_hal_flash_ex.o"
arm-none-eabi-gcc "../Drivers/STM32L4xx_HAL_Driver/Src/stm32l4xx_hal_flash_ramfunc.c" -mcpu=cortex-m4 -std=gnu11 -g3 -DDEBUG -DUSE_HAL_DRIVER -DSTM32L432xx -c -I../Core/Inc -I../Drivers/STM32L4xx_HAL_Driver/Inc -I../Drivers/STM32L4xx_HAL_Driver/Inc/Legacy -I../Drivers/CMSIS/Device/ST/STM32L4xx/Include -I../Drivers/CMSIS/Include -O0 -ffunction-sections -fdata-sections -Wall -fstack-usage -fcyclomatic-complexity -MMD -MP -MF"Drivers/STM32L4xx_HAL_Driver/Src/stm32l4xx_hal_flash_ramfunc.d" -MT"Drivers/STM32L4xx_HAL_Driver/Src/stm32l4xx_hal_flash_ramfunc.o" --specs=nano.specs -mfpu=fpv4-sp-d16 -mfloat-abi=hard -mthumb -o "Drivers/STM32L4xx_HAL_Driver/Src/stm32l4xx_hal_flash_ramfunc.o"
arm-none-eabi-gcc "../Drivers/STM32L4xx_HAL_Driver/Src/stm32l4xx_hal_gpio.c" -mcpu=cortex-m4 -std=gnu11 -g3 -DDEBUG -DUSE_HAL_DRIVER -DSTM32L432xx -c -I../Core/Inc -I../Drivers/STM32L4xx_HAL_Driver/Inc -I../Drivers/STM32L4xx_HAL_Driver/Inc/Legacy -I../Drivers/CMSIS/Device/ST/STM32L4xx/Include -I../Drivers/CMSIS/Include -O0 -ffunction-sections -fdata-sections -Wall -fstack-usage -fcyclomatic-complexity -MMD -MP -MF"Drivers/STM32L4xx_HAL_Driver/Src/stm32l4xx_hal_gpio.d" -MT"Drivers/STM32L4xx_HAL_Driver/Src/stm32l4xx_hal_gpio.o" --specs=nano.specs -mfpu=fpv4-sp-d16 -mfloat-abi=hard -mthumb -o "Drivers/STM32L4xx_HAL_Driver/Src/stm32l4xx_hal_gpio.o"
arm-none-eabi-gcc "../Drivers/STM32L4xx_HAL_Driver/Src/stm32l4xx_hal_pwr.c" -mcpu=cortex-m4 -std=gnu11 -g3 -DDEBUG -DUSE_HAL_DRIVER -DSTM32L432xx -c -I../Core/Inc -I../Drivers/STM32L4xx_HAL_Driver/Inc -I../Drivers/STM32L4xx_HAL_Driver/Inc/Legacy -I../Drivers/CMSIS/Device/ST/STM32L4xx/Include -I../Drivers/CMSIS/Include -O0 -ffunction-sections -fdata-sections -Wall -fstack-usage -fcyclomatic-complexity -MMD -MP -MF"Drivers/STM32L4xx_HAL_Driver/Src/stm32l4xx_hal_pwr.d" -MT"Drivers/STM32L4xx_HAL_Driver/Src/stm32l4xx_hal_pwr.o" --specs=nano.specs -mfpu=fpv4-sp-d16 -mfloat-abi=hard -mthumb -o "Drivers/STM32L4xx_HAL_Driver/Src/stm32l4xx_hal_pwr.o"
arm-none-eabi-gcc "../Drivers/STM32L4xx_HAL_Driver/Src/stm32l4xx_hal_pwr_ex.c" -mcpu=cortex-m4 -std=gnu11 -g3 -DDEBUG -DUSE_HAL_DRIVER -DSTM32L432xx -c -I../Core/Inc -I../Drivers/STM32L4xx_HAL_Driver/Inc -I../Drivers/STM32L4xx_HAL_Driver/Inc/Legacy -I../Drivers/CMSIS/Device/ST/STM32L4xx/Include -I../Drivers/CMSIS/Include -O0 -ffunction-sections -fdata-sections -Wall -fstack-usage -fcyclomatic-complexity -MMD -MP -MF"Drivers/STM32L4xx_HAL_Driver/Src/stm32l4xx_hal_pwr_ex.d" -MT"Drivers/STM32L4xx_HAL_Driver/Src/stm32l4xx_hal_pwr_ex.o" --specs=nano.specs -mfpu=fpv4-sp-d16 -mfloat-abi=hard -mthumb -o "Drivers/STM32L4xx_HAL_Driver/Src/stm32l4xx_hal_pwr_ex.o"
arm-none-eabi-gcc "../Drivers/STM32L4xx_HAL_Driver/Src/stm32l4xx_hal_rcc.c" -mcpu=cortex-m4 -std=gnu11 -g3 -DDEBUG -DUSE_HAL_DRIVER -DSTM32L432xx -c -I../Core/Inc -I../Drivers/STM32L4xx_HAL_Driver/Inc -I../Drivers/STM32L4xx_HAL_Driver/Inc/Legacy -I../Drivers/CMSIS/Device/ST/STM32L4xx/Include -I../Drivers/CMSIS/Include -O0 -ffunction-sections -fdata-sections -Wall -fstack-usage -fcyclomatic-complexity -MMD -MP -MF"Drivers/STM32L4xx_HAL_Driver/Src/stm32l4xx_hal_rcc.d" -MT"Drivers/STM32L4xx_HAL_Driver/Src/stm32l4xx_hal_rcc.o" --specs=nano.specs -mfpu=fpv4-sp-d16 -mfloat-abi=hard -mthumb -o "Drivers/STM32L4xx_HAL_Driver/Src/stm32l4xx_hal_rcc.o"
arm-none-eabi-gcc "../Drivers/STM32L4xx_HAL_Driver/Src/stm32l4xx_hal_rcc_ex.c" -mcpu=cortex-m4 -std=gnu11 -g3 -DDEBUG -DUSE_HAL_DRIVER -DSTM32L432xx -c -I../Core/Inc -I../Drivers/STM32L4xx_HAL_Driver/Inc -I../Drivers/STM32L4xx_HAL_Driver/Inc/Legacy -I../Drivers/CMSIS/Device/ST/STM32L4xx/Include -I../Drivers/CMSIS/Include -O0 -ffunction-sections -fdata-sections -Wall -fstack-usage -fcyclomatic-complexity -MMD -MP -MF"Drivers/STM32L4xx_HAL_Driver/Src/stm32l4xx_hal_rcc_ex.d" -MT"Drivers/STM32L4xx_HAL_Driver/Src/stm32l4xx_hal_rcc_ex.o" --specs=nano.specs -mfpu=fpv4-sp-d16 -mfloat-abi=hard -mthumb -o "Drivers/STM32L4xx_HAL_Driver/Src/stm32l4xx_hal_rcc_ex.o"
arm-none-eabi-gcc "../Drivers/STM32L4xx_HAL_Driver/Src/stm32l4xx_hal_spi.c" -mcpu=cortex-m4 -std=gnu11 -g3 -DDEBUG -DUSE_HAL_DRIVER -DSTM32L432xx -c -I../Core/Inc -I../Drivers/STM32L4xx_HAL_Driver/Inc -I../Drivers/STM32L4xx_HAL_Driver/Inc/Legacy -I../Drivers/CMSIS/Device/ST/STM32L4xx/Include -I../Drivers/CMSIS/Include -O0 -ffunction-sections -fdata-sections -Wall -fstack-usage -fcyclomatic-complexity -MMD -MP -MF"Drivers/STM32L4xx_HAL_Driver/Src/stm32l4xx_hal_spi.d" -MT"Drivers/STM32L4xx_HAL_Driver/Src/stm32l4xx_hal_spi.o" --specs=nano.specs -mfpu=fpv4-sp-d16 -mfloat-abi=hard -mthumb -o "Drivers/STM32L4xx_HAL_Driver/Src/stm32l4xx_hal_spi.o"
arm-none-eabi-gcc "../Drivers/STM32L4xx_HAL_Driver/Src/stm32l4xx_hal_spi_ex.c" -mcpu=cortex-m4 -std=gnu11 -g3 -DDEBUG -DUSE_HAL_DRIVER -DSTM32L432xx -c -I../Core/Inc -I../Drivers/STM32L4xx_HAL_Driver/Inc -I../Drivers/STM32L4xx_HAL_Driver/Inc/Legacy -I../Drivers/CMSIS/Device/ST/STM32L4xx/Include -I../Drivers/CMSIS/Include -O0 -ffunction-sections -fdata-sections -Wall -fstack-usage -fcyclomatic-complexity -MMD -MP -MF"Drivers/STM32L4xx_HAL_Driver/Src/stm32l4xx_hal_spi_ex.d" -MT"Drivers/STM32L4xx_HAL_Driver/Src/stm32l4xx_hal_spi_ex.o" --specs=nano.specs -mfpu=fpv4-sp-d16 -mfloat-abi=hard -mthumb -o "Drivers/STM32L4xx_HAL_Driver/Src/stm32l4xx_hal_spi_ex.o"
arm-none-eabi-gcc "../Drivers/STM32L4xx_HAL_Driver/Src/stm32l4xx_hal_tim.c" -mcpu=cortex-m4 -std=gnu11 -g3 -DDEBUG -DUSE_HAL_DRIVER -DSTM32L432xx -c -I../Core/Inc -I../Drivers/STM32L4xx_HAL_Driver/Inc -I../Drivers/STM32L4xx_HAL_Driver/Inc/Legacy -I../Drivers/CMSIS/Device/ST/STM32L4xx/Include -I../Drivers/CMSIS/Include -O0 -ffunction-sections -fdata-sections -Wall -fstack-usage -fcyclomatic-complexity -MMD -MP -MF"Drivers/STM32L4xx_HAL_Driver/Src/stm32l4xx_hal_tim.d" -MT"Drivers/STM32L4xx_HAL_Driver/Src/stm32l4xx_hal_tim.o" --specs=nano.specs -mfpu=fpv4-sp-d16 -mfloat-abi=hard -mthumb -o "Drivers/STM32L4xx_HAL_Driver/Src/stm32l4xx_hal_tim.o"
arm-none-eabi-gcc "../Drivers/STM32L4xx_HAL_Driver/Src/stm32l4xx_hal_tim_ex.c" -mcpu=cortex-m4 -std=gnu11 -g3 -DDEBUG -DUSE_HAL_DRIVER -DSTM32L432xx -c -I../Core/Inc -I../Drivers/STM32L4xx_HAL_Driver/Inc -I../Drivers/STM32L4xx_HAL_Driver/Inc/Legacy -I../Drivers/CMSIS/Device/ST/STM32L4xx/Include -I../Drivers/CMSIS/Include -O0 -ffunction-sections -fdata-sections -Wall -fstack-usage -fcyclomatic-complexity -MMD -MP -MF"Drivers/STM32L4xx_HAL_Driver/Src/stm32l4xx_hal_tim_ex.d" -MT"Drivers/STM32L4xx_HAL_Driver/Src/stm32l4xx_hal_tim_ex.o" --specs=nano.specs -mfpu=fpv4-sp-d16 -mfloat-abi=hard -mthumb -o "Drivers/STM32L4xx_HAL_Driver/Src/stm32l4xx_hal_tim_ex.o"
arm-none-eabi-gcc "../Drivers/STM32L4xx_HAL_Driver/Src/stm32l4xx_hal_uart.c" -mcpu=cortex-m4 -std=gnu11 -g3 -DDEBUG -DUSE_HAL_DRIVER -DSTM32L432xx -c -I../Core/Inc -I../Drivers/STM32L4xx_HAL_Driver/Inc -I../Drivers/STM32L4xx_HAL_Driver/Inc/Legacy -I../Drivers/CMSIS/Device/ST/STM32L4xx/Include -I../Drivers/CMSIS/Include -O0 -ffunction-sections -fdata-sections -Wall -fstack-usage -fcyclomatic-complexity -MMD -MP -MF"Drivers/STM32L4xx_HAL_Driver/Src/stm32l4xx_hal_uart.d" -MT"Drivers/STM32L4xx_HAL_Driver/Src/stm32l4xx_hal_uart.o" --specs=nano.specs -mfpu=fpv4-sp-d16 -mfloat-abi=hard -mthumb -o "Drivers/STM32L4xx_HAL_Driver/Src/stm32l4xx_hal_uart.o"
arm-none-eabi-gcc "../Drivers/STM32L4xx_HAL_Driver/Src/stm32l4xx_hal_uart_ex.c" -mcpu=cortex-m4 -std=gnu11 -g3 -DDEBUG -DUSE_HAL_DRIVER -DSTM32L432xx -c -I../Core/Inc -I../Drivers/STM32L4xx_HAL_Driver/Inc -I../Drivers/STM32L4xx_HAL_Driver/Inc/Legacy -I../Drivers/CMSIS/Device/ST/STM32L4xx/Include -I../Drivers/CMSIS/Include -O0 -ffunction-sections -fdata-sections -Wall -fstack-usage -fcyclomatic-complexity -MMD -MP -MF"Drivers/STM32L4xx_HAL_Driver/Src/stm32l4xx_hal_uart_ex.d" -MT"Drivers/STM32L4xx_HAL_Driver/Src/stm32l4xx_hal_uart_ex.o" --specs=nano.specs -mfpu=fpv4-sp-d16 -mfloat-abi=hard -mthumb -o "Drivers/STM32L4xx_HAL_Driver/Src/stm32l4xx_hal_uart_ex.o"
arm-none-eabi-gcc "../Core/Src/debounce.c" -mcpu=cortex-m4 -std=gnu11 -g3 -DDEBUG -DUSE_HAL_DRIVER -DSTM32L432xx -c -I../Core/Inc -I../Drivers/STM32L4xx_HAL_Driver/Inc -I../Drivers/STM32L4xx_HAL_Driver/Inc/Legacy -I../Drivers/CMSIS/Device/ST/STM32L4xx/Include -I../Drivers/CMSIS/Include -O0 -ffunction-sections -fdata-sections -Wall -fstack-usage -fcyclomatic-complexity -MMD -MP -MF"Core/Src/debounce.d" -MT"Core/Src/debounce.o" --specs=nano.specs -mfpu=fpv4-sp-d16 -mfloat-abi=hard -mthumb -o "Core/Src/debounce.o"
arm-none-eabi-gcc "../Core/Src/main.c" -mcpu=cortex-m4 -std=gnu11 -g3 -DDEBUG -DUSE_HAL_DRIVER -DSTM32L432xx -c -I../Core/Inc -I../Drivers/STM32L4xx_HAL_Driver/Inc -I../Drivers/STM32L4xx_HAL_Driver/Inc/Legacy -I../Drivers/CMSIS/Device/ST/STM32L4xx/Include -I../Drivers/CMSIS/Include -O0 -ffunction-sections -fdata-sections -Wall -fstack-usage -fcyclomatic-complexity -MMD -MP -MF"Core/Src/main.d" -MT"Core/Src/main.o" --specs=nano.specs -mfpu=fpv4-sp-d16 -mfloat-abi=hard -mthumb -o "Core/Src/main.o"
arm-none-eabi-gcc "../Core/Src/ssd1331.c" -mcpu=cortex-m4 -std=gnu11 -g3 -DDEBUG -DUSE_HAL_DRIVER -DSTM32L432xx -c -I../Core/Inc -I../Drivers/STM32L4xx_HAL_Driver/Inc -I../Drivers/STM32L4xx_HAL_Driver/Inc/Legacy -I../Drivers/CMSIS/Device/ST/STM32L4xx/Include -I../Drivers/CMSIS/Include -O0 -ffunction-sections -fdata-sections -Wall -fstack-usage -fcyclomatic-complexity -MMD -MP -MF"Core/Src/ssd1331.d" -MT"Core/Src/ssd1331.o" --specs=nano.specs -mfpu=fpv4-sp-d16 -mfloat-abi=hard -mthumb -o "Core/Src/ssd1331.o"
arm-none-eabi-gcc "../Core/Src/stm32l4xx_hal_msp.c" -mcpu=cortex-m4 -std=gnu11 -g3 -DDEBUG -DUSE_HAL_DRIVER -DSTM32L432xx -c -I../Core/Inc -I../Drivers/STM32L4xx_HAL_Driver/Inc -I../Drivers/STM32L4xx_HAL_Driver/Inc/Legacy -I../Drivers/CMSIS/Device/ST/STM32L4xx/Include -I../Drivers/CMSIS/Include -O0 -ffunction-sections -fdata-sections -Wall -fstack-usage -fcyclomatic-complexity -MMD -MP -MF"Core/Src/stm32l4xx_hal_msp.d" -MT"Core/Src/stm32l4xx_hal_msp.o" --specs=nano.specs -mfpu=fpv4-sp-d16 -mfloat-abi=hard -mthumb -o "Core/Src/stm32l4xx_hal_msp.o"
../Core/Src/main.c: In function 'gpsParser':
../Core/Src/main.c:152:17: warning: assignment to 'char' from 'void *' makes integer from pointer without a cast [-Wint-conversion]
  152 |         *string = NULL;
      |                 ^
../Core/Src/main.c:173:25: warning: assignment to 'char' from 'void *' makes integer from pointer without a cast [-Wint-conversion]
  173 |   gpsdata.sentenceID[7] = NULL;
      |                         ^
../Core/Src/main.c:290:25: warning: assignment to 'char' from 'void *' makes integer from pointer without a cast [-Wint-conversion]
  290 |     gpsdata.checkSum[i] = NULL;
      |                         ^
../Core/Src/main.c:292:12: warning: comparison between pointer and zero character constant [-Wpointer-compare]
  292 |   if(token != '\0'){
      |            ^~
../Core/Src/main.c:292:6: note: did you mean to dereference the pointer?
  292 |   if(token != '\0'){
      |      ^
../Core/Src/main.c: In function 'displayStrings':
../Core/Src/main.c:343:64: warning: passing argument 1 of 'atoi' from incompatible pointer type [-Wincompatible-pointer-types]
  343 |   snprintf(satellitesUsedString,64,"Satellites Used: %d", atoi(&gpsdata.satellitesUsed));
      |                                                                ^~~~~~~~~~~~~~~~~~~~~~~
      |                                                                |
      |                                                                char (*)[2]
In file included from ../Core/Src/main.c:27:
c:\st\stm32cubeide_1.11.2\stm32cubeide\plugins\com.st.stm32cube.ide.mcu.externaltools.gnu-tools-for-stm32.10.3-2021.10.win32_1.0.200.202301161003\tools\arm-none-eabi\include\stdlib.h:81:23: note: expected 'const char *' but argument is of type 'char (*)[2]'
   81 | int atoi (const char *__nptr);
      |           ~~~~~~~~~~~~^~~~~~
../Core/Src/main.c:382:13: warning: implicit declaration of function 'ssd1331_display_screen'; did you mean 'ssd1331_display_string'? [-Wimplicit-function-declaration]
  382 |             ssd1331_display_screen(0,10,latitudeMeasureString,FONT_1206,WHITE);
      |             ^~~~~~~~~~~~~~~~~~~~~~
      |             ssd1331_display_string
../Core/Src/main.c: In function 'main':
../Core/Src/main.c:481:3: warning: implicit declaration of function 'MX_TIM1_INIT'; did you mean 'MX_TIM1_Init'? [-Wimplicit-function-declaration]
  481 |   MX_TIM1_INIT();
      |   ^~~~~~~~~~~~
      |   MX_TIM1_Init
../Core/Src/main.c:495:46: warning: format '%s' expects argument of type 'char *', but argument 2 has type 'char (*)[80]' [-Wformat=]
  495 |     scanf("Please Print geo location string %s",&string);
      |                                             ~^  ~~~~~~~
      |                                              |  |
      |                                              |  char (*)[80]
      |                                              char *
../Core/Src/main.c:498:50: warning: format '%s' expects argument of type 'char *', but argument 2 has type 'char (*)[80]' [-Wformat=]
  498 |     scanf("Please Enter geo-location string\r\n %s",&string);
      |                                                 ~^  ~~~~~~~
      |                                                  |  |
      |                                                  |  char (*)[80]
      |                                                  char *
At top level:
../Core/Src/main.c:671:13: warning: 'MX_TIM1_Init' defined but not used [-Wunused-function]
  671 | static void MX_TIM1_Init(void)
      |             ^~~~~~~~~~~~
arm-none-eabi-gcc "../Core/Src/stm32l4xx_it.c" -mcpu=cortex-m4 -std=gnu11 -g3 -DDEBUG -DUSE_HAL_DRIVER -DSTM32L432xx -c -I../Core/Inc -I../Drivers/STM32L4xx_HAL_Driver/Inc -I../Drivers/STM32L4xx_HAL_Driver/Inc/Legacy -I../Drivers/CMSIS/Device/ST/STM32L4xx/Include -I../Drivers/CMSIS/Include -O0 -ffunction-sections -fdata-sections -Wall -fstack-usage -fcyclomatic-complexity -MMD -MP -MF"Core/Src/stm32l4xx_it.d" -MT"Core/Src/stm32l4xx_it.o" --specs=nano.specs -mfpu=fpv4-sp-d16 -mfloat-abi=hard -mthumb -o "Core/Src/stm32l4xx_it.o"
arm-none-eabi-gcc "../Core/Src/syscalls.c" -mcpu=cortex-m4 -std=gnu11 -g3 -DDEBUG -DUSE_HAL_DRIVER -DSTM32L432xx -c -I../Core/Inc -I../Drivers/STM32L4xx_HAL_Driver/Inc -I../Drivers/STM32L4xx_HAL_Driver/Inc/Legacy -I../Drivers/CMSIS/Device/ST/STM32L4xx/Include -I../Drivers/CMSIS/Include -O0 -ffunction-sections -fdata-sections -Wall -fstack-usage -fcyclomatic-complexity -MMD -MP -MF"Core/Src/syscalls.d" -MT"Core/Src/syscalls.o" --specs=nano.specs -mfpu=fpv4-sp-d16 -mfloat-abi=hard -mthumb -o "Core/Src/syscalls.o"
arm-none-eabi-gcc "../Core/Src/system_stm32l4xx.c" -mcpu=cortex-m4 -std=gnu11 -g3 -DDEBUG -DUSE_HAL_DRIVER -DSTM32L432xx -c -I../Core/Inc -I../Drivers/STM32L4xx_HAL_Driver/Inc -I../Drivers/STM32L4xx_HAL_Driver/Inc/Legacy -I../Drivers/CMSIS/Device/ST/STM32L4xx/Include -I../Drivers/CMSIS/Include -O0 -ffunction-sections -fdata-sections -Wall -fstack-usage -fcyclomatic-complexity -MMD -MP -MF"Core/Src/system_stm32l4xx.d" -MT"Core/Src/system_stm32l4xx.o" --specs=nano.specs -mfpu=fpv4-sp-d16 -mfloat-abi=hard -mthumb -o "Core/Src/system_stm32l4xx.o"
arm-none-eabi-gcc -o "rgrewalassignmen5.elf" @"objects.list"   -mcpu=cortex-m4 -T"C:\Embedded Systems\Semester 1\Embedded System\Weeks\Week 14\Assignment 5\rgrewalassignmen5\STM32L432KCUX_FLASH.ld" --specs=nosys.specs -Wl,-Map="rgrewalassignmen5.map" -Wl,--gc-sections -static --specs=nano.specs -mfpu=fpv4-sp-d16 -mfloat-abi=hard -mthumb -u _printf_float -u _scanf_float -Wl,--start-group -lc -lm -Wl,--end-group
c:\st\stm32cubeide_1.11.2\stm32cubeide\plugins\com.st.stm32cube.ide.mcu.externaltools.gnu-tools-for-stm32.10.3-2021.10.win32_1.0.200.202301161003\tools\arm-none-eabi\bin\ld.exe: ./Core/Src/main.o: in function `displayStrings':
C:/Embedded Systems/Semester 1/Embedded System/Weeks/Week 14/Assignment 5/rgrewalassignmen5/Debug/../Core/Src/main.c:382: undefined reference to `ssd1331_display_screen'
c:\st\stm32cubeide_1.11.2\stm32cubeide\plugins\com.st.stm32cube.ide.mcu.externaltools.gnu-tools-for-stm32.10.3-2021.10.win32_1.0.200.202301161003\tools\arm-none-eabi\bin\ld.exe: ./Core/Src/main.o: in function `main':
C:/Embedded Systems/Semester 1/Embedded System/Weeks/Week 14/Assignment 5/rgrewalassignmen5/Debug/../Core/Src/main.c:481: undefined reference to `MX_TIM1_INIT'
collect2.exe: error: ld returned 1 exit status
make: *** [makefile:64: rgrewalassignmen5.elf] Error 1
"make -j4 all" terminated with exit code 2. Build might be incomplete.
15:27:42 **** Incremental Build of configuration Debug for project rgrewalassignmen5 ****
make -j4 all 
arm-none-eabi-gcc -o "rgrewalassignmen5.elf" @"objects.list"   -mcpu=cortex-m4 -T"C:\Embedded Systems\Semester 1\Embedded System\Weeks\Week 14\Assignment 5\rgrewalassignmen5\STM32L432KCUX_FLASH.ld" --specs=nosys.specs -Wl,-Map="rgrewalassignmen5.map" -Wl,--gc-sections -static --specs=nano.specs -mfpu=fpv4-sp-d16 -mfloat-abi=hard -mthumb -u _printf_float -u _scanf_float -Wl,--start-group -lc -lm -Wl,--end-group
c:\st\stm32cubeide_1.11.2\stm32cubeide\plugins\com.st.stm32cube.ide.mcu.externaltools.gnu-tools-for-stm32.10.3-2021.10.win32_1.0.200.202301161003\tools\arm-none-eabi\bin\ld.exe: ./Core/Src/main.o: in function `displayStrings':
C:/Embedded Systems/Semester 1/Embedded System/Weeks/Week 14/Assignment 5/rgrewalassignmen5/Debug/../Core/Src/main.c:382: undefined reference to `ssd1331_display_screen'
c:\st\stm32cubeide_1.11.2\stm32cubeide\plugins\com.st.stm32cube.ide.mcu.externaltools.gnu-tools-for-stm32.10.3-2021.10.win32_1.0.200.202301161003\tools\arm-none-eabi\bin\ld.exe: ./Core/Src/main.o: in function `main':
C:/Embedded Systems/Semester 1/Embedded System/Weeks/Week 14/Assignment 5/rgrewalassignmen5/Debug/../Core/Src/main.c:481: undefined reference to `MX_TIM1_INIT'
collect2.exe: error: ld returned 1 exit status
make: *** [makefile:64: rgrewalassignmen5.elf] Error 1
"make -j4 all" terminated with exit code 2. Build might be incomplete.
15:28:19 **** Incremental Build of configuration Debug for project rgrewalassignmen5 ****
make -j4 all 
arm-none-eabi-gcc "../Core/Src/main.c" -mcpu=cortex-m4 -std=gnu11 -g3 -DDEBUG -DUSE_HAL_DRIVER -DSTM32L432xx -c -I../Core/Inc -I../Drivers/STM32L4xx_HAL_Driver/Inc -I../Drivers/STM32L4xx_HAL_Driver/Inc/Legacy -I../Drivers/CMSIS/Device/ST/STM32L4xx/Include -I../Drivers/CMSIS/Include -O0 -ffunction-sections -fdata-sections -Wall -fstack-usage -fcyclomatic-complexity -MMD -MP -MF"Core/Src/main.d" -MT"Core/Src/main.o" --specs=nano.specs -mfpu=fpv4-sp-d16 -mfloat-abi=hard -mthumb -o "Core/Src/main.o"
../Core/Src/main.c: In function 'gpsParser':
../Core/Src/main.c:152:17: warning: assignment to 'char' from 'void *' makes integer from pointer without a cast [-Wint-conversion]
  152 |         *string = NULL;
      |                 ^
../Core/Src/main.c:173:25: warning: assignment to 'char' from 'void *' makes integer from pointer without a cast [-Wint-conversion]
  173 |   gpsdata.sentenceID[7] = NULL;
      |                         ^
../Core/Src/main.c:290:25: warning: assignment to 'char' from 'void *' makes integer from pointer without a cast [-Wint-conversion]
  290 |     gpsdata.checkSum[i] = NULL;
      |                         ^
../Core/Src/main.c:292:12: warning: comparison between pointer and zero character constant [-Wpointer-compare]
  292 |   if(token != '\0'){
      |            ^~
../Core/Src/main.c:292:6: note: did you mean to dereference the pointer?
  292 |   if(token != '\0'){
      |      ^
../Core/Src/main.c: In function 'displayStrings':
../Core/Src/main.c:343:64: warning: passing argument 1 of 'atoi' from incompatible pointer type [-Wincompatible-pointer-types]
  343 |   snprintf(satellitesUsedString,64,"Satellites Used: %d", atoi(&gpsdata.satellitesUsed));
      |                                                                ^~~~~~~~~~~~~~~~~~~~~~~
      |                                                                |
      |                                                                char (*)[2]
In file included from ../Core/Src/main.c:27:
c:\st\stm32cubeide_1.11.2\stm32cubeide\plugins\com.st.stm32cube.ide.mcu.externaltools.gnu-tools-for-stm32.10.3-2021.10.win32_1.0.200.202301161003\tools\arm-none-eabi\include\stdlib.h:81:23: note: expected 'const char *' but argument is of type 'char (*)[2]'
   81 | int atoi (const char *__nptr);
      |           ~~~~~~~~~~~~^~~~~~
../Core/Src/main.c: In function 'main':
../Core/Src/main.c:495:46: warning: format '%s' expects argument of type 'char *', but argument 2 has type 'char (*)[80]' [-Wformat=]
  495 |     scanf("Please Print geo location string %s",&string);
      |                                             ~^  ~~~~~~~
      |                                              |  |
      |                                              |  char (*)[80]
      |                                              char *
../Core/Src/main.c:498:50: warning: format '%s' expects argument of type 'char *', but argument 2 has type 'char (*)[80]' [-Wformat=]
  498 |     scanf("Please Enter geo-location string\r\n %s",&string);
      |                                                 ~^  ~~~~~~~
      |                                                  |  |
      |                                                  |  char (*)[80]
      |                                                  char *
arm-none-eabi-gcc -o "rgrewalassignmen5.elf" @"objects.list"   -mcpu=cortex-m4 -T"C:\Embedded Systems\Semester 1\Embedded System\Weeks\Week 14\Assignment 5\rgrewalassignmen5\STM32L432KCUX_FLASH.ld" --specs=nosys.specs -Wl,-Map="rgrewalassignmen5.map" -Wl,--gc-sections -static --specs=nano.specs -mfpu=fpv4-sp-d16 -mfloat-abi=hard -mthumb -u _printf_float -u _scanf_float -Wl,--start-group -lc -lm -Wl,--end-group
c:\st\stm32cubeide_1.11.2\stm32cubeide\plugins\com.st.stm32cube.ide.mcu.externaltools.gnu-tools-for-stm32.10.3-2021.10.win32_1.0.200.202301161003\tools\arm-none-eabi\bin\ld.exe: ./Core/Src/main.o: in function `MX_TIM1_Init':
C:/Embedded Systems/Semester 1/Embedded System/Weeks/Week 14/Assignment 5/rgrewalassignmen5/Debug/../Core/Src/main.c:732: undefined reference to `HAL_TIM_MspPostInit'
collect2.exe: error: ld returned 1 exit status
make: *** [makefile:64: rgrewalassignmen5.elf] Error 1
"make -j4 all" terminated with exit code 2. Build might be incomplete.
15:38:08 **** Incremental Build of configuration Debug for project rgrewalassignmen5 ****
make -j4 all 
arm-none-eabi-gcc "../Core/Src/main.c" -mcpu=cortex-m4 -std=gnu11 -g3 -DDEBUG -DUSE_HAL_DRIVER -DSTM32L432xx -c -I../Core/Inc -I../Drivers/STM32L4xx_HAL_Driver/Inc -I../Drivers/STM32L4xx_HAL_Driver/Inc/Legacy -I../Drivers/CMSIS/Device/ST/STM32L4xx/Include -I../Drivers/CMSIS/Include -O0 -ffunction-sections -fdata-sections -Wall -fstack-usage -fcyclomatic-complexity -MMD -MP -MF"Core/Src/main.d" -MT"Core/Src/main.o" --specs=nano.specs -mfpu=fpv4-sp-d16 -mfloat-abi=hard -mthumb -o "Core/Src/main.o"
../Core/Src/main.c: In function 'gpsParser':
../Core/Src/main.c:151:17: warning: assignment to 'char' from 'void *' makes integer from pointer without a cast [-Wint-conversion]
  151 |         *string = NULL;
      |                 ^
../Core/Src/main.c:172:25: warning: assignment to 'char' from 'void *' makes integer from pointer without a cast [-Wint-conversion]
  172 |   gpsdata.sentenceID[7] = NULL;
      |                         ^
../Core/Src/main.c:289:25: warning: assignment to 'char' from 'void *' makes integer from pointer without a cast [-Wint-conversion]
  289 |     gpsdata.checkSum[i] = NULL;
      |                         ^
../Core/Src/main.c:291:12: warning: comparison between pointer and zero character constant [-Wpointer-compare]
  291 |   if(token != '\0'){
      |            ^~
../Core/Src/main.c:291:6: note: did you mean to dereference the pointer?
  291 |   if(token != '\0'){
      |      ^
../Core/Src/main.c: In function 'displayStrings':
../Core/Src/main.c:342:64: warning: passing argument 1 of 'atoi' from incompatible pointer type [-Wincompatible-pointer-types]
  342 |   snprintf(satellitesUsedString,64,"Satellites Used: %d", atoi(&gpsdata.satellitesUsed));
      |                                                                ^~~~~~~~~~~~~~~~~~~~~~~
      |                                                                |
      |                                                                char (*)[2]
In file included from ../Core/Src/main.c:27:
c:\st\stm32cubeide_1.11.2\stm32cubeide\plugins\com.st.stm32cube.ide.mcu.externaltools.gnu-tools-for-stm32.10.3-2021.10.win32_1.0.200.202301161003\tools\arm-none-eabi\include\stdlib.h:81:23: note: expected 'const char *' but argument is of type 'char (*)[2]'
   81 | int atoi (const char *__nptr);
      |           ~~~~~~~~~~~~^~~~~~
../Core/Src/main.c: In function 'main':
../Core/Src/main.c:494:46: warning: format '%s' expects argument of type 'char *', but argument 2 has type 'char (*)[80]' [-Wformat=]
  494 |     scanf("Please Print geo location string %s",&string);
      |                                             ~^  ~~~~~~~
      |                                              |  |
      |                                              |  char (*)[80]
      |                                              char *
../Core/Src/main.c:497:50: warning: format '%s' expects argument of type 'char *', but argument 2 has type 'char (*)[80]' [-Wformat=]
  497 |     scanf("Please Enter geo-location string\r\n %s",&string);
      |                                                 ~^  ~~~~~~~
      |                                                  |  |
      |                                                  |  char (*)[80]
      |                                                  char *
../Core/Src/main.c: At top level:
../Core/Src/main.c:675:13: error: redefinition of 'MX_USART2_UART_Init'
  675 | static void MX_USART2_UART_Init(void)
      |             ^~~~~~~~~~~~~~~~~~~
../Core/Src/main.c:571:13: note: previous definition of 'MX_USART2_UART_Init' was here
  571 | static void MX_USART2_UART_Init(void)
      |             ^~~~~~~~~~~~~~~~~~~
../Core/Src/main.c:675:13: warning: 'MX_USART2_UART_Init' defined but not used [-Wunused-function]
  675 | static void MX_USART2_UART_Init(void)
      |             ^~~~~~~~~~~~~~~~~~~
make: *** [Core/Src/subdir.mk:43: Core/Src/main.o] Error 1
"make -j4 all" terminated with exit code 2. Build might be incomplete.
15:39:13 **** Incremental Build of configuration Debug for project rgrewalassignmen5 ****
make -j4 all 
arm-none-eabi-gcc "../Core/Src/main.c" -mcpu=cortex-m4 -std=gnu11 -g3 -DDEBUG -DUSE_HAL_DRIVER -DSTM32L432xx -c -I../Core/Inc -I../Drivers/STM32L4xx_HAL_Driver/Inc -I../Drivers/STM32L4xx_HAL_Driver/Inc/Legacy -I../Drivers/CMSIS/Device/ST/STM32L4xx/Include -I../Drivers/CMSIS/Include -O0 -ffunction-sections -fdata-sections -Wall -fstack-usage -fcyclomatic-complexity -MMD -MP -MF"Core/Src/main.d" -MT"Core/Src/main.o" --specs=nano.specs -mfpu=fpv4-sp-d16 -mfloat-abi=hard -mthumb -o "Core/Src/main.o"
../Core/Src/main.c: In function 'gpsParser':
../Core/Src/main.c:151:17: warning: assignment to 'char' from 'void *' makes integer from pointer without a cast [-Wint-conversion]
  151 |         *string = NULL;
      |                 ^
../Core/Src/main.c:172:25: warning: assignment to 'char' from 'void *' makes integer from pointer without a cast [-Wint-conversion]
  172 |   gpsdata.sentenceID[7] = NULL;
      |                         ^
../Core/Src/main.c:289:25: warning: assignment to 'char' from 'void *' makes integer from pointer without a cast [-Wint-conversion]
  289 |     gpsdata.checkSum[i] = NULL;
      |                         ^
../Core/Src/main.c:291:12: warning: comparison between pointer and zero character constant [-Wpointer-compare]
  291 |   if(token != '\0'){
      |            ^~
../Core/Src/main.c:291:6: note: did you mean to dereference the pointer?
  291 |   if(token != '\0'){
      |      ^
../Core/Src/main.c: In function 'displayStrings':
../Core/Src/main.c:342:64: warning: passing argument 1 of 'atoi' from incompatible pointer type [-Wincompatible-pointer-types]
  342 |   snprintf(satellitesUsedString,64,"Satellites Used: %d", atoi(&gpsdata.satellitesUsed));
      |                                                                ^~~~~~~~~~~~~~~~~~~~~~~
      |                                                                |
      |                                                                char (*)[2]
In file included from ../Core/Src/main.c:27:
c:\st\stm32cubeide_1.11.2\stm32cubeide\plugins\com.st.stm32cube.ide.mcu.externaltools.gnu-tools-for-stm32.10.3-2021.10.win32_1.0.200.202301161003\tools\arm-none-eabi\include\stdlib.h:81:23: note: expected 'const char *' but argument is of type 'char (*)[2]'
   81 | int atoi (const char *__nptr);
      |           ~~~~~~~~~~~~^~~~~~
../Core/Src/main.c: In function 'main':
../Core/Src/main.c:494:46: warning: format '%s' expects argument of type 'char *', but argument 2 has type 'char (*)[80]' [-Wformat=]
  494 |     scanf("Please Print geo location string %s",&string);
      |                                             ~^  ~~~~~~~
      |                                              |  |
      |                                              |  char (*)[80]
      |                                              char *
../Core/Src/main.c:497:50: warning: format '%s' expects argument of type 'char *', but argument 2 has type 'char (*)[80]' [-Wformat=]
  497 |     scanf("Please Enter geo-location string\r\n %s",&string);
      |                                                 ~^  ~~~~~~~
      |                                                  |  |
      |                                                  |  char (*)[80]
      |                                                  char *
../Core/Src/main.c: At top level:
../Core/Src/main.c:675:13: error: redefinition of 'MX_USART2_UART_Init'
  675 | static void MX_USART2_UART_Init(void)
      |             ^~~~~~~~~~~~~~~~~~~
../Core/Src/main.c:571:13: note: previous definition of 'MX_USART2_UART_Init' was here
  571 | static void MX_USART2_UART_Init(void)
      |             ^~~~~~~~~~~~~~~~~~~
../Core/Src/main.c:675:13: warning: 'MX_USART2_UART_Init' defined but not used [-Wunused-function]
  675 | static void MX_USART2_UART_Init(void)
      |             ^~~~~~~~~~~~~~~~~~~
make: *** [Core/Src/subdir.mk:43: Core/Src/main.o] Error 1
"make -j4 all" terminated with exit code 2. Build might be incomplete.
15:39:45 **** Incremental Build of configuration Debug for project rgrewalassignmen5 ****
make -j4 all 
arm-none-eabi-gcc "../Core/Src/main.c" -mcpu=cortex-m4 -std=gnu11 -g3 -DDEBUG -DUSE_HAL_DRIVER -DSTM32L432xx -c -I../Core/Inc -I../Drivers/STM32L4xx_HAL_Driver/Inc -I../Drivers/STM32L4xx_HAL_Driver/Inc/Legacy -I../Drivers/CMSIS/Device/ST/STM32L4xx/Include -I../Drivers/CMSIS/Include -O0 -ffunction-sections -fdata-sections -Wall -fstack-usage -fcyclomatic-complexity -MMD -MP -MF"Core/Src/main.d" -MT"Core/Src/main.o" --specs=nano.specs -mfpu=fpv4-sp-d16 -mfloat-abi=hard -mthumb -o "Core/Src/main.o"
../Core/Src/main.c: In function 'gpsParser':
../Core/Src/main.c:151:17: warning: assignment to 'char' from 'void *' makes integer from pointer without a cast [-Wint-conversion]
  151 |         *string = NULL;
      |                 ^
../Core/Src/main.c:172:25: warning: assignment to 'char' from 'void *' makes integer from pointer without a cast [-Wint-conversion]
  172 |   gpsdata.sentenceID[7] = NULL;
      |                         ^
../Core/Src/main.c:289:25: warning: assignment to 'char' from 'void *' makes integer from pointer without a cast [-Wint-conversion]
  289 |     gpsdata.checkSum[i] = NULL;
      |                         ^
../Core/Src/main.c:291:12: warning: comparison between pointer and zero character constant [-Wpointer-compare]
  291 |   if(token != '\0'){
      |            ^~
../Core/Src/main.c:291:6: note: did you mean to dereference the pointer?
  291 |   if(token != '\0'){
      |      ^
../Core/Src/main.c: In function 'displayStrings':
../Core/Src/main.c:342:64: warning: passing argument 1 of 'atoi' from incompatible pointer type [-Wincompatible-pointer-types]
  342 |   snprintf(satellitesUsedString,64,"Satellites Used: %d", atoi(&gpsdata.satellitesUsed));
      |                                                                ^~~~~~~~~~~~~~~~~~~~~~~
      |                                                                |
      |                                                                char (*)[2]
In file included from ../Core/Src/main.c:27:
c:\st\stm32cubeide_1.11.2\stm32cubeide\plugins\com.st.stm32cube.ide.mcu.externaltools.gnu-tools-for-stm32.10.3-2021.10.win32_1.0.200.202301161003\tools\arm-none-eabi\include\stdlib.h:81:23: note: expected 'const char *' but argument is of type 'char (*)[2]'
   81 | int atoi (const char *__nptr);
      |           ~~~~~~~~~~~~^~~~~~
../Core/Src/main.c: In function 'main':
../Core/Src/main.c:494:46: warning: format '%s' expects argument of type 'char *', but argument 2 has type 'char (*)[80]' [-Wformat=]
  494 |     scanf("Please Print geo location string %s",&string);
      |                                             ~^  ~~~~~~~
      |                                              |  |
      |                                              |  char (*)[80]
      |                                              char *
../Core/Src/main.c:497:50: warning: format '%s' expects argument of type 'char *', but argument 2 has type 'char (*)[80]' [-Wformat=]
  497 |     scanf("Please Enter geo-location string\r\n %s",&string);
      |                                                 ~^  ~~~~~~~
      |                                                  |  |
      |                                                  |  char (*)[80]
      |                                                  char *
arm-none-eabi-gcc -o "rgrewalassignmen5.elf" @"objects.list"   -mcpu=cortex-m4 -T"C:\Embedded Systems\Semester 1\Embedded System\Weeks\Week 14\Assignment 5\rgrewalassignmen5\STM32L432KCUX_FLASH.ld" --specs=nosys.specs -Wl,-Map="rgrewalassignmen5.map" -Wl,--gc-sections -static --specs=nano.specs -mfpu=fpv4-sp-d16 -mfloat-abi=hard -mthumb -u _printf_float -u _scanf_float -Wl,--start-group -lc -lm -Wl,--end-group
c:\st\stm32cubeide_1.11.2\stm32cubeide\plugins\com.st.stm32cube.ide.mcu.externaltools.gnu-tools-for-stm32.10.3-2021.10.win32_1.0.200.202301161003\tools\arm-none-eabi\bin\ld.exe: ./Core/Src/main.o: in function `MX_TIM1_Init':
C:/Embedded Systems/Semester 1/Embedded System/Weeks/Week 14/Assignment 5/rgrewalassignmen5/Debug/../Core/Src/main.c:638: undefined reference to `HAL_TIM_MspPostInit'
collect2.exe: error: ld returned 1 exit status
make: *** [makefile:64: rgrewalassignmen5.elf] Error 1
"make -j4 all" terminated with exit code 2. Build might be incomplete.
15:44:50 **** Incremental Build of configuration Debug for project rgrewalassignmen5 ****
make -j4 all 
arm-none-eabi-gcc -o "rgrewalassignmen5.elf" @"objects.list"   -mcpu=cortex-m4 -T"C:\Embedded Systems\Semester 1\Embedded System\Weeks\Week 14\Assignment 5\rgrewalassignmen5\STM32L432KCUX_FLASH.ld" --specs=nosys.specs -Wl,-Map="rgrewalassignmen5.map" -Wl,--gc-sections -static --specs=nano.specs -mfpu=fpv4-sp-d16 -mfloat-abi=hard -mthumb -u _printf_float -u _scanf_float -Wl,--start-group -lc -lm -Wl,--end-group
c:\st\stm32cubeide_1.11.2\stm32cubeide\plugins\com.st.stm32cube.ide.mcu.externaltools.gnu-tools-for-stm32.10.3-2021.10.win32_1.0.200.202301161003\tools\arm-none-eabi\bin\ld.exe: ./Core/Src/main.o: in function `MX_TIM1_Init':
C:/Embedded Systems/Semester 1/Embedded System/Weeks/Week 14/Assignment 5/rgrewalassignmen5/Debug/../Core/Src/main.c:638: undefined reference to `HAL_TIM_MspPostInit'
collect2.exe: error: ld returned 1 exit status
make: *** [makefile:64: rgrewalassignmen5.elf] Error 1
"make -j4 all" terminated with exit code 2. Build might be incomplete.
15:46:19 **** Incremental Build of configuration Debug for project rgrewalassignmen5 ****
make -j4 all 
arm-none-eabi-gcc -o "rgrewalassignmen5.elf" @"objects.list"   -mcpu=cortex-m4 -T"C:\Embedded Systems\Semester 1\Embedded System\Weeks\Week 14\Assignment 5\rgrewalassignmen5\STM32L432KCUX_FLASH.ld" --specs=nosys.specs -Wl,-Map="rgrewalassignmen5.map" -Wl,--gc-sections -static --specs=nano.specs -mfpu=fpv4-sp-d16 -mfloat-abi=hard -mthumb -u _printf_float -u _scanf_float -Wl,--start-group -lc -lm -Wl,--end-group
c:\st\stm32cubeide_1.11.2\stm32cubeide\plugins\com.st.stm32cube.ide.mcu.externaltools.gnu-tools-for-stm32.10.3-2021.10.win32_1.0.200.202301161003\tools\arm-none-eabi\bin\ld.exe: ./Core/Src/main.o: in function `MX_TIM1_Init':
C:/Embedded Systems/Semester 1/Embedded System/Weeks/Week 14/Assignment 5/rgrewalassignmen5/Debug/../Core/Src/main.c:638: undefined reference to `HAL_TIM_MspPostInit'
collect2.exe: error: ld returned 1 exit status
make: *** [makefile:64: rgrewalassignmen5.elf] Error 1
"make -j4 all" terminated with exit code 2. Build might be incomplete.
15:49:05 **** Incremental Build of configuration Debug for project rgrewalassignmen5 ****
make -j4 all 
arm-none-eabi-gcc "../Drivers/STM32L4xx_HAL_Driver/Src/stm32l4xx_hal.c" -mcpu=cortex-m4 -std=gnu11 -g3 -DDEBUG -DUSE_HAL_DRIVER -DSTM32L432xx -c -I../Core/Inc -I../Drivers/STM32L4xx_HAL_Driver/Inc -I../Drivers/STM32L4xx_HAL_Driver/Inc/Legacy -I../Drivers/CMSIS/Device/ST/STM32L4xx/Include -I../Drivers/CMSIS/Include -O0 -ffunction-sections -fdata-sections -Wall -fstack-usage -fcyclomatic-complexity -MMD -MP -MF"Drivers/STM32L4xx_HAL_Driver/Src/stm32l4xx_hal.d" -MT"Drivers/STM32L4xx_HAL_Driver/Src/stm32l4xx_hal.o" --specs=nano.specs -mfpu=fpv4-sp-d16 -mfloat-abi=hard -mthumb -o "Drivers/STM32L4xx_HAL_Driver/Src/stm32l4xx_hal.o"
arm-none-eabi-gcc "../Drivers/STM32L4xx_HAL_Driver/Src/stm32l4xx_hal_cortex.c" -mcpu=cortex-m4 -std=gnu11 -g3 -DDEBUG -DUSE_HAL_DRIVER -DSTM32L432xx -c -I../Core/Inc -I../Drivers/STM32L4xx_HAL_Driver/Inc -I../Drivers/STM32L4xx_HAL_Driver/Inc/Legacy -I../Drivers/CMSIS/Device/ST/STM32L4xx/Include -I../Drivers/CMSIS/Include -O0 -ffunction-sections -fdata-sections -Wall -fstack-usage -fcyclomatic-complexity -MMD -MP -MF"Drivers/STM32L4xx_HAL_Driver/Src/stm32l4xx_hal_cortex.d" -MT"Drivers/STM32L4xx_HAL_Driver/Src/stm32l4xx_hal_cortex.o" --specs=nano.specs -mfpu=fpv4-sp-d16 -mfloat-abi=hard -mthumb -o "Drivers/STM32L4xx_HAL_Driver/Src/stm32l4xx_hal_cortex.o"
arm-none-eabi-gcc "../Drivers/STM32L4xx_HAL_Driver/Src/stm32l4xx_hal_dma.c" -mcpu=cortex-m4 -std=gnu11 -g3 -DDEBUG -DUSE_HAL_DRIVER -DSTM32L432xx -c -I../Core/Inc -I../Drivers/STM32L4xx_HAL_Driver/Inc -I../Drivers/STM32L4xx_HAL_Driver/Inc/Legacy -I../Drivers/CMSIS/Device/ST/STM32L4xx/Include -I../Drivers/CMSIS/Include -O0 -ffunction-sections -fdata-sections -Wall -fstack-usage -fcyclomatic-complexity -MMD -MP -MF"Drivers/STM32L4xx_HAL_Driver/Src/stm32l4xx_hal_dma.d" -MT"Drivers/STM32L4xx_HAL_Driver/Src/stm32l4xx_hal_dma.o" --specs=nano.specs -mfpu=fpv4-sp-d16 -mfloat-abi=hard -mthumb -o "Drivers/STM32L4xx_HAL_Driver/Src/stm32l4xx_hal_dma.o"
arm-none-eabi-gcc "../Drivers/STM32L4xx_HAL_Driver/Src/stm32l4xx_hal_dma_ex.c" -mcpu=cortex-m4 -std=gnu11 -g3 -DDEBUG -DUSE_HAL_DRIVER -DSTM32L432xx -c -I../Core/Inc -I../Drivers/STM32L4xx_HAL_Driver/Inc -I../Drivers/STM32L4xx_HAL_Driver/Inc/Legacy -I../Drivers/CMSIS/Device/ST/STM32L4xx/Include -I../Drivers/CMSIS/Include -O0 -ffunction-sections -fdata-sections -Wall -fstack-usage -fcyclomatic-complexity -MMD -MP -MF"Drivers/STM32L4xx_HAL_Driver/Src/stm32l4xx_hal_dma_ex.d" -MT"Drivers/STM32L4xx_HAL_Driver/Src/stm32l4xx_hal_dma_ex.o" --specs=nano.specs -mfpu=fpv4-sp-d16 -mfloat-abi=hard -mthumb -o "Drivers/STM32L4xx_HAL_Driver/Src/stm32l4xx_hal_dma_ex.o"
arm-none-eabi-gcc "../Drivers/STM32L4xx_HAL_Driver/Src/stm32l4xx_hal_exti.c" -mcpu=cortex-m4 -std=gnu11 -g3 -DDEBUG -DUSE_HAL_DRIVER -DSTM32L432xx -c -I../Core/Inc -I../Drivers/STM32L4xx_HAL_Driver/Inc -I../Drivers/STM32L4xx_HAL_Driver/Inc/Legacy -I../Drivers/CMSIS/Device/ST/STM32L4xx/Include -I../Drivers/CMSIS/Include -O0 -ffunction-sections -fdata-sections -Wall -fstack-usage -fcyclomatic-complexity -MMD -MP -MF"Drivers/STM32L4xx_HAL_Driver/Src/stm32l4xx_hal_exti.d" -MT"Drivers/STM32L4xx_HAL_Driver/Src/stm32l4xx_hal_exti.o" --specs=nano.specs -mfpu=fpv4-sp-d16 -mfloat-abi=hard -mthumb -o "Drivers/STM32L4xx_HAL_Driver/Src/stm32l4xx_hal_exti.o"
arm-none-eabi-gcc "../Drivers/STM32L4xx_HAL_Driver/Src/stm32l4xx_hal_flash.c" -mcpu=cortex-m4 -std=gnu11 -g3 -DDEBUG -DUSE_HAL_DRIVER -DSTM32L432xx -c -I../Core/Inc -I../Drivers/STM32L4xx_HAL_Driver/Inc -I../Drivers/STM32L4xx_HAL_Driver/Inc/Legacy -I../Drivers/CMSIS/Device/ST/STM32L4xx/Include -I../Drivers/CMSIS/Include -O0 -ffunction-sections -fdata-sections -Wall -fstack-usage -fcyclomatic-complexity -MMD -MP -MF"Drivers/STM32L4xx_HAL_Driver/Src/stm32l4xx_hal_flash.d" -MT"Drivers/STM32L4xx_HAL_Driver/Src/stm32l4xx_hal_flash.o" --specs=nano.specs -mfpu=fpv4-sp-d16 -mfloat-abi=hard -mthumb -o "Drivers/STM32L4xx_HAL_Driver/Src/stm32l4xx_hal_flash.o"
arm-none-eabi-gcc "../Drivers/STM32L4xx_HAL_Driver/Src/stm32l4xx_hal_flash_ex.c" -mcpu=cortex-m4 -std=gnu11 -g3 -DDEBUG -DUSE_HAL_DRIVER -DSTM32L432xx -c -I../Core/Inc -I../Drivers/STM32L4xx_HAL_Driver/Inc -I../Drivers/STM32L4xx_HAL_Driver/Inc/Legacy -I../Drivers/CMSIS/Device/ST/STM32L4xx/Include -I../Drivers/CMSIS/Include -O0 -ffunction-sections -fdata-sections -Wall -fstack-usage -fcyclomatic-complexity -MMD -MP -MF"Drivers/STM32L4xx_HAL_Driver/Src/stm32l4xx_hal_flash_ex.d" -MT"Drivers/STM32L4xx_HAL_Driver/Src/stm32l4xx_hal_flash_ex.o" --specs=nano.specs -mfpu=fpv4-sp-d16 -mfloat-abi=hard -mthumb -o "Drivers/STM32L4xx_HAL_Driver/Src/stm32l4xx_hal_flash_ex.o"
arm-none-eabi-gcc "../Drivers/STM32L4xx_HAL_Driver/Src/stm32l4xx_hal_flash_ramfunc.c" -mcpu=cortex-m4 -std=gnu11 -g3 -DDEBUG -DUSE_HAL_DRIVER -DSTM32L432xx -c -I../Core/Inc -I../Drivers/STM32L4xx_HAL_Driver/Inc -I../Drivers/STM32L4xx_HAL_Driver/Inc/Legacy -I../Drivers/CMSIS/Device/ST/STM32L4xx/Include -I../Drivers/CMSIS/Include -O0 -ffunction-sections -fdata-sections -Wall -fstack-usage -fcyclomatic-complexity -MMD -MP -MF"Drivers/STM32L4xx_HAL_Driver/Src/stm32l4xx_hal_flash_ramfunc.d" -MT"Drivers/STM32L4xx_HAL_Driver/Src/stm32l4xx_hal_flash_ramfunc.o" --specs=nano.specs -mfpu=fpv4-sp-d16 -mfloat-abi=hard -mthumb -o "Drivers/STM32L4xx_HAL_Driver/Src/stm32l4xx_hal_flash_ramfunc.o"
arm-none-eabi-gcc "../Drivers/STM32L4xx_HAL_Driver/Src/stm32l4xx_hal_gpio.c" -mcpu=cortex-m4 -std=gnu11 -g3 -DDEBUG -DUSE_HAL_DRIVER -DSTM32L432xx -c -I../Core/Inc -I../Drivers/STM32L4xx_HAL_Driver/Inc -I../Drivers/STM32L4xx_HAL_Driver/Inc/Legacy -I../Drivers/CMSIS/Device/ST/STM32L4xx/Include -I../Drivers/CMSIS/Include -O0 -ffunction-sections -fdata-sections -Wall -fstack-usage -fcyclomatic-complexity -MMD -MP -MF"Drivers/STM32L4xx_HAL_Driver/Src/stm32l4xx_hal_gpio.d" -MT"Drivers/STM32L4xx_HAL_Driver/Src/stm32l4xx_hal_gpio.o" --specs=nano.specs -mfpu=fpv4-sp-d16 -mfloat-abi=hard -mthumb -o "Drivers/STM32L4xx_HAL_Driver/Src/stm32l4xx_hal_gpio.o"
arm-none-eabi-gcc "../Drivers/STM32L4xx_HAL_Driver/Src/stm32l4xx_hal_pwr.c" -mcpu=cortex-m4 -std=gnu11 -g3 -DDEBUG -DUSE_HAL_DRIVER -DSTM32L432xx -c -I../Core/Inc -I../Drivers/STM32L4xx_HAL_Driver/Inc -I../Drivers/STM32L4xx_HAL_Driver/Inc/Legacy -I../Drivers/CMSIS/Device/ST/STM32L4xx/Include -I../Drivers/CMSIS/Include -O0 -ffunction-sections -fdata-sections -Wall -fstack-usage -fcyclomatic-complexity -MMD -MP -MF"Drivers/STM32L4xx_HAL_Driver/Src/stm32l4xx_hal_pwr.d" -MT"Drivers/STM32L4xx_HAL_Driver/Src/stm32l4xx_hal_pwr.o" --specs=nano.specs -mfpu=fpv4-sp-d16 -mfloat-abi=hard -mthumb -o "Drivers/STM32L4xx_HAL_Driver/Src/stm32l4xx_hal_pwr.o"
arm-none-eabi-gcc "../Drivers/STM32L4xx_HAL_Driver/Src/stm32l4xx_hal_pwr_ex.c" -mcpu=cortex-m4 -std=gnu11 -g3 -DDEBUG -DUSE_HAL_DRIVER -DSTM32L432xx -c -I../Core/Inc -I../Drivers/STM32L4xx_HAL_Driver/Inc -I../Drivers/STM32L4xx_HAL_Driver/Inc/Legacy -I../Drivers/CMSIS/Device/ST/STM32L4xx/Include -I../Drivers/CMSIS/Include -O0 -ffunction-sections -fdata-sections -Wall -fstack-usage -fcyclomatic-complexity -MMD -MP -MF"Drivers/STM32L4xx_HAL_Driver/Src/stm32l4xx_hal_pwr_ex.d" -MT"Drivers/STM32L4xx_HAL_Driver/Src/stm32l4xx_hal_pwr_ex.o" --specs=nano.specs -mfpu=fpv4-sp-d16 -mfloat-abi=hard -mthumb -o "Drivers/STM32L4xx_HAL_Driver/Src/stm32l4xx_hal_pwr_ex.o"
arm-none-eabi-gcc "../Drivers/STM32L4xx_HAL_Driver/Src/stm32l4xx_hal_rcc.c" -mcpu=cortex-m4 -std=gnu11 -g3 -DDEBUG -DUSE_HAL_DRIVER -DSTM32L432xx -c -I../Core/Inc -I../Drivers/STM32L4xx_HAL_Driver/Inc -I../Drivers/STM32L4xx_HAL_Driver/Inc/Legacy -I../Drivers/CMSIS/Device/ST/STM32L4xx/Include -I../Drivers/CMSIS/Include -O0 -ffunction-sections -fdata-sections -Wall -fstack-usage -fcyclomatic-complexity -MMD -MP -MF"Drivers/STM32L4xx_HAL_Driver/Src/stm32l4xx_hal_rcc.d" -MT"Drivers/STM32L4xx_HAL_Driver/Src/stm32l4xx_hal_rcc.o" --specs=nano.specs -mfpu=fpv4-sp-d16 -mfloat-abi=hard -mthumb -o "Drivers/STM32L4xx_HAL_Driver/Src/stm32l4xx_hal_rcc.o"
arm-none-eabi-gcc "../Drivers/STM32L4xx_HAL_Driver/Src/stm32l4xx_hal_rcc_ex.c" -mcpu=cortex-m4 -std=gnu11 -g3 -DDEBUG -DUSE_HAL_DRIVER -DSTM32L432xx -c -I../Core/Inc -I../Drivers/STM32L4xx_HAL_Driver/Inc -I../Drivers/STM32L4xx_HAL_Driver/Inc/Legacy -I../Drivers/CMSIS/Device/ST/STM32L4xx/Include -I../Drivers/CMSIS/Include -O0 -ffunction-sections -fdata-sections -Wall -fstack-usage -fcyclomatic-complexity -MMD -MP -MF"Drivers/STM32L4xx_HAL_Driver/Src/stm32l4xx_hal_rcc_ex.d" -MT"Drivers/STM32L4xx_HAL_Driver/Src/stm32l4xx_hal_rcc_ex.o" --specs=nano.specs -mfpu=fpv4-sp-d16 -mfloat-abi=hard -mthumb -o "Drivers/STM32L4xx_HAL_Driver/Src/stm32l4xx_hal_rcc_ex.o"
arm-none-eabi-gcc "../Drivers/STM32L4xx_HAL_Driver/Src/stm32l4xx_hal_spi.c" -mcpu=cortex-m4 -std=gnu11 -g3 -DDEBUG -DUSE_HAL_DRIVER -DSTM32L432xx -c -I../Core/Inc -I../Drivers/STM32L4xx_HAL_Driver/Inc -I../Drivers/STM32L4xx_HAL_Driver/Inc/Legacy -I../Drivers/CMSIS/Device/ST/STM32L4xx/Include -I../Drivers/CMSIS/Include -O0 -ffunction-sections -fdata-sections -Wall -fstack-usage -fcyclomatic-complexity -MMD -MP -MF"Drivers/STM32L4xx_HAL_Driver/Src/stm32l4xx_hal_spi.d" -MT"Drivers/STM32L4xx_HAL_Driver/Src/stm32l4xx_hal_spi.o" --specs=nano.specs -mfpu=fpv4-sp-d16 -mfloat-abi=hard -mthumb -o "Drivers/STM32L4xx_HAL_Driver/Src/stm32l4xx_hal_spi.o"
arm-none-eabi-gcc "../Drivers/STM32L4xx_HAL_Driver/Src/stm32l4xx_hal_spi_ex.c" -mcpu=cortex-m4 -std=gnu11 -g3 -DDEBUG -DUSE_HAL_DRIVER -DSTM32L432xx -c -I../Core/Inc -I../Drivers/STM32L4xx_HAL_Driver/Inc -I../Drivers/STM32L4xx_HAL_Driver/Inc/Legacy -I../Drivers/CMSIS/Device/ST/STM32L4xx/Include -I../Drivers/CMSIS/Include -O0 -ffunction-sections -fdata-sections -Wall -fstack-usage -fcyclomatic-complexity -MMD -MP -MF"Drivers/STM32L4xx_HAL_Driver/Src/stm32l4xx_hal_spi_ex.d" -MT"Drivers/STM32L4xx_HAL_Driver/Src/stm32l4xx_hal_spi_ex.o" --specs=nano.specs -mfpu=fpv4-sp-d16 -mfloat-abi=hard -mthumb -o "Drivers/STM32L4xx_HAL_Driver/Src/stm32l4xx_hal_spi_ex.o"
arm-none-eabi-gcc "../Drivers/STM32L4xx_HAL_Driver/Src/stm32l4xx_hal_tim.c" -mcpu=cortex-m4 -std=gnu11 -g3 -DDEBUG -DUSE_HAL_DRIVER -DSTM32L432xx -c -I../Core/Inc -I../Drivers/STM32L4xx_HAL_Driver/Inc -I../Drivers/STM32L4xx_HAL_Driver/Inc/Legacy -I../Drivers/CMSIS/Device/ST/STM32L4xx/Include -I../Drivers/CMSIS/Include -O0 -ffunction-sections -fdata-sections -Wall -fstack-usage -fcyclomatic-complexity -MMD -MP -MF"Drivers/STM32L4xx_HAL_Driver/Src/stm32l4xx_hal_tim.d" -MT"Drivers/STM32L4xx_HAL_Driver/Src/stm32l4xx_hal_tim.o" --specs=nano.specs -mfpu=fpv4-sp-d16 -mfloat-abi=hard -mthumb -o "Drivers/STM32L4xx_HAL_Driver/Src/stm32l4xx_hal_tim.o"
arm-none-eabi-gcc "../Drivers/STM32L4xx_HAL_Driver/Src/stm32l4xx_hal_tim_ex.c" -mcpu=cortex-m4 -std=gnu11 -g3 -DDEBUG -DUSE_HAL_DRIVER -DSTM32L432xx -c -I../Core/Inc -I../Drivers/STM32L4xx_HAL_Driver/Inc -I../Drivers/STM32L4xx_HAL_Driver/Inc/Legacy -I../Drivers/CMSIS/Device/ST/STM32L4xx/Include -I../Drivers/CMSIS/Include -O0 -ffunction-sections -fdata-sections -Wall -fstack-usage -fcyclomatic-complexity -MMD -MP -MF"Drivers/STM32L4xx_HAL_Driver/Src/stm32l4xx_hal_tim_ex.d" -MT"Drivers/STM32L4xx_HAL_Driver/Src/stm32l4xx_hal_tim_ex.o" --specs=nano.specs -mfpu=fpv4-sp-d16 -mfloat-abi=hard -mthumb -o "Drivers/STM32L4xx_HAL_Driver/Src/stm32l4xx_hal_tim_ex.o"
arm-none-eabi-gcc "../Drivers/STM32L4xx_HAL_Driver/Src/stm32l4xx_hal_uart.c" -mcpu=cortex-m4 -std=gnu11 -g3 -DDEBUG -DUSE_HAL_DRIVER -DSTM32L432xx -c -I../Core/Inc -I../Drivers/STM32L4xx_HAL_Driver/Inc -I../Drivers/STM32L4xx_HAL_Driver/Inc/Legacy -I../Drivers/CMSIS/Device/ST/STM32L4xx/Include -I../Drivers/CMSIS/Include -O0 -ffunction-sections -fdata-sections -Wall -fstack-usage -fcyclomatic-complexity -MMD -MP -MF"Drivers/STM32L4xx_HAL_Driver/Src/stm32l4xx_hal_uart.d" -MT"Drivers/STM32L4xx_HAL_Driver/Src/stm32l4xx_hal_uart.o" --specs=nano.specs -mfpu=fpv4-sp-d16 -mfloat-abi=hard -mthumb -o "Drivers/STM32L4xx_HAL_Driver/Src/stm32l4xx_hal_uart.o"
[...]
   81 | int atoi (const char *__nptr);
      |           ~~~~~~~~~~~~^~~~~~
../Core/Src/main.c: In function 'main':
../Core/Src/main.c:713:26: warning: format '%s' expects argument of type 'char *', but argument 2 has type 'int' [-Wformat=]
  713 |   printf("The String is %s",*string);
      |                         ~^  ~~~~~~~
      |                          |  |
      |                          |  int
      |                          char *
      |                         %d
../Core/Src/main.c:697:9: warning: unused variable 'amount' [-Wunused-variable]
  697 |   float amount = 0;
      |         ^~~~~~
../Core/Src/main.c:696:8: warning: unused variable 'pin' [-Wunused-variable]
  696 |   uint pin = 0;
      |        ^~~
../Core/Src/main.c:695:10: warning: unused variable 'transactionState' [-Wunused-variable]
  695 |   int8_t transactionState = 1;
      |          ^~~~~~~~~~~~~~~~
arm-none-eabi-gcc -o "rgrewalassignmen5.elf" @"objects.list"   -mcpu=cortex-m4 -T"C:\Embedded Systems\Semester 1\Embedded System\Weeks\Week 14\Assignment 5\rgrewalassignmen5\STM32L432KCUX_FLASH.ld" --specs=nosys.specs -Wl,-Map="rgrewalassignmen5.map" -Wl,--gc-sections -static --specs=nano.specs -mfpu=fpv4-sp-d16 -mfloat-abi=hard -mthumb -u _printf_float -u _scanf_float -Wl,--start-group -lc -lm -Wl,--end-group
Finished building target: rgrewalassignmen5.elf
 
arm-none-eabi-size   rgrewalassignmen5.elf 
arm-none-eabi-objdump -h -S  rgrewalassignmen5.elf  > "rgrewalassignmen5.list"
   text	   data	    bss	    dec	    hex	filename
  53864	    488	   1896	  56248	   dbb8	rgrewalassignmen5.elf
Finished building: default.size.stdout
 
Finished building: rgrewalassignmen5.list
 
17:21:58 **** Incremental Build of configuration Debug for project rgrewalassignmen5 ****
make -j4 all 
arm-none-eabi-gcc "../Core/Src/main.c" -mcpu=cortex-m4 -std=gnu11 -g3 -DDEBUG -DUSE_HAL_DRIVER -DSTM32L432xx -c -I../Core/Inc -I../Drivers/STM32L4xx_HAL_Driver/Inc -I../Drivers/STM32L4xx_HAL_Driver/Inc/Legacy -I../Drivers/CMSIS/Device/ST/STM32L4xx/Include -I../Drivers/CMSIS/Include -O0 -ffunction-sections -fdata-sections -Wall -fstack-usage -fcyclomatic-complexity -MMD -MP -MF"Core/Src/main.d" -MT"Core/Src/main.o" --specs=nano.specs -mfpu=fpv4-sp-d16 -mfloat-abi=hard -mthumb -o "Core/Src/main.o"
../Core/Src/main.c: In function 'gpsParser':
../Core/Src/main.c:170:17: warning: assignment to 'char' from 'void *' makes integer from pointer without a cast [-Wint-conversion]
  170 |         *string = NULL;
      |                 ^
../Core/Src/main.c:191:25: warning: assignment to 'char' from 'void *' makes integer from pointer without a cast [-Wint-conversion]
  191 |   gpsdata.sentenceID[7] = NULL;
      |                         ^
../Core/Src/main.c:308:25: warning: assignment to 'char' from 'void *' makes integer from pointer without a cast [-Wint-conversion]
  308 |     gpsdata.checkSum[i] = NULL;
      |                         ^
../Core/Src/main.c:310:12: warning: comparison between pointer and zero character constant [-Wpointer-compare]
  310 |   if(token != '\0'){
      |            ^~
../Core/Src/main.c:310:6: note: did you mean to dereference the pointer?
  310 |   if(token != '\0'){
      |      ^
../Core/Src/main.c: In function 'displayStrings':
../Core/Src/main.c:361:64: warning: passing argument 1 of 'atoi' from incompatible pointer type [-Wincompatible-pointer-types]
  361 |   snprintf(satellitesUsedString,64,"Satellites Used: %d", atoi(&gpsdata.satellitesUsed));
      |                                                                ^~~~~~~~~~~~~~~~~~~~~~~
      |                                                                |
      |                                                                char (*)[2]
In file included from ../Core/Src/main.c:27:
c:\st\stm32cubeide_1.11.2\stm32cubeide\plugins\com.st.stm32cube.ide.mcu.externaltools.gnu-tools-for-stm32.10.3-2021.10.win32_1.0.200.202301161003\tools\arm-none-eabi\include\stdlib.h:81:23: note: expected 'const char *' but argument is of type 'char (*)[2]'
   81 | int atoi (const char *__nptr);
      |           ~~~~~~~~~~~~^~~~~~
../Core/Src/main.c: In function 'main':
../Core/Src/main.c:713:26: warning: format '%s' expects argument of type 'char *', but argument 2 has type 'int' [-Wformat=]
  713 |   printf("The String is %s\r\n",*string);
      |                         ~^      ~~~~~~~
      |                          |      |
      |                          char * int
      |                         %d
../Core/Src/main.c:697:9: warning: unused variable 'amount' [-Wunused-variable]
  697 |   float amount = 0;
      |         ^~~~~~
../Core/Src/main.c:696:8: warning: unused variable 'pin' [-Wunused-variable]
  696 |   uint pin = 0;
      |        ^~~
../Core/Src/main.c:695:10: warning: unused variable 'transactionState' [-Wunused-variable]
  695 |   int8_t transactionState = 1;
      |          ^~~~~~~~~~~~~~~~
arm-none-eabi-gcc -o "rgrewalassignmen5.elf" @"objects.list"   -mcpu=cortex-m4 -T"C:\Embedded Systems\Semester 1\Embedded System\Weeks\Week 14\Assignment 5\rgrewalassignmen5\STM32L432KCUX_FLASH.ld" --specs=nosys.specs -Wl,-Map="rgrewalassignmen5.map" -Wl,--gc-sections -static --specs=nano.specs -mfpu=fpv4-sp-d16 -mfloat-abi=hard -mthumb -u _printf_float -u _scanf_float -Wl,--start-group -lc -lm -Wl,--end-group
Finished building target: rgrewalassignmen5.elf
 
arm-none-eabi-size   rgrewalassignmen5.elf 
arm-none-eabi-objdump -h -S  rgrewalassignmen5.elf  > "rgrewalassignmen5.list"
   text	   data	    bss	    dec	    hex	filename
  53856	    488	   1896	  56240	   dbb0	rgrewalassignmen5.elf
Finished building: default.size.stdout
 
Finished building: rgrewalassignmen5.list
 
17:24:26 **** Incremental Build of configuration Debug for project rgrewalassignmen5 ****
make -j4 all 
arm-none-eabi-size   rgrewalassignmen5.elf 
   text	   data	    bss	    dec	    hex	filename
  53856	    488	   1896	  56240	   dbb0	rgrewalassignmen5.elf
Finished building: default.size.stdout
 
17:25:15 **** Incremental Build of configuration Debug for project rgrewalassignmen5 ****
make -j4 all 
arm-none-eabi-gcc "../Core/Src/main.c" -mcpu=cortex-m4 -std=gnu11 -g3 -DDEBUG -DUSE_HAL_DRIVER -DSTM32L432xx -c -I../Core/Inc -I../Drivers/STM32L4xx_HAL_Driver/Inc -I../Drivers/STM32L4xx_HAL_Driver/Inc/Legacy -I../Drivers/CMSIS/Device/ST/STM32L4xx/Include -I../Drivers/CMSIS/Include -O0 -ffunction-sections -fdata-sections -Wall -fstack-usage -fcyclomatic-complexity -MMD -MP -MF"Core/Src/main.d" -MT"Core/Src/main.o" --specs=nano.specs -mfpu=fpv4-sp-d16 -mfloat-abi=hard -mthumb -o "Core/Src/main.o"
../Core/Src/main.c: In function 'gpsParser':
../Core/Src/main.c:170:17: warning: assignment to 'char' from 'void *' makes integer from pointer without a cast [-Wint-conversion]
  170 |         *string = NULL;
      |                 ^
../Core/Src/main.c:191:25: warning: assignment to 'char' from 'void *' makes integer from pointer without a cast [-Wint-conversion]
  191 |   gpsdata.sentenceID[7] = NULL;
      |                         ^
../Core/Src/main.c:308:25: warning: assignment to 'char' from 'void *' makes integer from pointer without a cast [-Wint-conversion]
  308 |     gpsdata.checkSum[i] = NULL;
      |                         ^
../Core/Src/main.c:310:12: warning: comparison between pointer and zero character constant [-Wpointer-compare]
  310 |   if(token != '\0'){
      |            ^~
../Core/Src/main.c:310:6: note: did you mean to dereference the pointer?
  310 |   if(token != '\0'){
      |      ^
../Core/Src/main.c: In function 'displayStrings':
../Core/Src/main.c:361:64: warning: passing argument 1 of 'atoi' from incompatible pointer type [-Wincompatible-pointer-types]
  361 |   snprintf(satellitesUsedString,64,"Satellites Used: %d", atoi(&gpsdata.satellitesUsed));
      |                                                                ^~~~~~~~~~~~~~~~~~~~~~~
      |                                                                |
      |                                                                char (*)[2]
In file included from ../Core/Src/main.c:27:
c:\st\stm32cubeide_1.11.2\stm32cubeide\plugins\com.st.stm32cube.ide.mcu.externaltools.gnu-tools-for-stm32.10.3-2021.10.win32_1.0.200.202301161003\tools\arm-none-eabi\include\stdlib.h:81:23: note: expected 'const char *' but argument is of type 'char (*)[2]'
   81 | int atoi (const char *__nptr);
      |           ~~~~~~~~~~~~^~~~~~
../Core/Src/main.c: In function 'main':
../Core/Src/main.c:697:9: warning: unused variable 'amount' [-Wunused-variable]
  697 |   float amount = 0;
      |         ^~~~~~
../Core/Src/main.c:696:8: warning: unused variable 'pin' [-Wunused-variable]
  696 |   uint pin = 0;
      |        ^~~
../Core/Src/main.c:695:10: warning: unused variable 'transactionState' [-Wunused-variable]
  695 |   int8_t transactionState = 1;
      |          ^~~~~~~~~~~~~~~~
arm-none-eabi-gcc -o "rgrewalassignmen5.elf" @"objects.list"   -mcpu=cortex-m4 -T"C:\Embedded Systems\Semester 1\Embedded System\Weeks\Week 14\Assignment 5\rgrewalassignmen5\STM32L432KCUX_FLASH.ld" --specs=nosys.specs -Wl,-Map="rgrewalassignmen5.map" -Wl,--gc-sections -static --specs=nano.specs -mfpu=fpv4-sp-d16 -mfloat-abi=hard -mthumb -u _printf_float -u _scanf_float -Wl,--start-group -lc -lm -Wl,--end-group
Finished building target: rgrewalassignmen5.elf
 
arm-none-eabi-size   rgrewalassignmen5.elf 
arm-none-eabi-objdump -h -S  rgrewalassignmen5.elf  > "rgrewalassignmen5.list"
   text	   data	    bss	    dec	    hex	filename
  53856	    488	   1896	  56240	   dbb0	rgrewalassignmen5.elf
Finished building: default.size.stdout
 
Finished building: rgrewalassignmen5.list
 
17:31:17 **** Incremental Build of configuration Debug for project rgrewalassignmen5 ****
make -j4 all 
arm-none-eabi-gcc "../Core/Src/main.c" -mcpu=cortex-m4 -std=gnu11 -g3 -DDEBUG -DUSE_HAL_DRIVER -DSTM32L432xx -c -I../Core/Inc -I../Drivers/STM32L4xx_HAL_Driver/Inc -I../Drivers/STM32L4xx_HAL_Driver/Inc/Legacy -I../Drivers/CMSIS/Device/ST/STM32L4xx/Include -I../Drivers/CMSIS/Include -O0 -ffunction-sections -fdata-sections -Wall -fstack-usage -fcyclomatic-complexity -MMD -MP -MF"Core/Src/main.d" -MT"Core/Src/main.o" --specs=nano.specs -mfpu=fpv4-sp-d16 -mfloat-abi=hard -mthumb -o "Core/Src/main.o"
../Core/Src/main.c: In function 'gpsParser':
../Core/Src/main.c:170:17: warning: assignment to 'char' from 'void *' makes integer from pointer without a cast [-Wint-conversion]
  170 |         *string = NULL;
      |                 ^
../Core/Src/main.c:191:25: warning: assignment to 'char' from 'void *' makes integer from pointer without a cast [-Wint-conversion]
  191 |   gpsdata.sentenceID[7] = NULL;
      |                         ^
../Core/Src/main.c:308:25: warning: assignment to 'char' from 'void *' makes integer from pointer without a cast [-Wint-conversion]
  308 |     gpsdata.checkSum[i] = NULL;
      |                         ^
../Core/Src/main.c:310:12: warning: comparison between pointer and zero character constant [-Wpointer-compare]
  310 |   if(token != '\0'){
      |            ^~
../Core/Src/main.c:310:6: note: did you mean to dereference the pointer?
  310 |   if(token != '\0'){
      |      ^
../Core/Src/main.c: In function 'displayStrings':
../Core/Src/main.c:361:64: warning: passing argument 1 of 'atoi' from incompatible pointer type [-Wincompatible-pointer-types]
  361 |   snprintf(satellitesUsedString,64,"Satellites Used: %d", atoi(&gpsdata.satellitesUsed));
      |                                                                ^~~~~~~~~~~~~~~~~~~~~~~
      |                                                                |
      |                                                                char (*)[2]
In file included from ../Core/Src/main.c:27:
c:\st\stm32cubeide_1.11.2\stm32cubeide\plugins\com.st.stm32cube.ide.mcu.externaltools.gnu-tools-for-stm32.10.3-2021.10.win32_1.0.200.202301161003\tools\arm-none-eabi\include\stdlib.h:81:23: note: expected 'const char *' but argument is of type 'char (*)[2]'
   81 | int atoi (const char *__nptr);
      |           ~~~~~~~~~~~~^~~~~~
../Core/Src/main.c: In function 'main':
../Core/Src/main.c:565:9: warning: unused variable 'amount' [-Wunused-variable]
  565 |   float amount = 0;
      |         ^~~~~~
../Core/Src/main.c:564:8: warning: unused variable 'pin' [-Wunused-variable]
  564 |   uint pin = 0;
      |        ^~~
../Core/Src/main.c:563:10: warning: unused variable 'transactionState' [-Wunused-variable]
  563 |   int8_t transactionState = 1;
      |          ^~~~~~~~~~~~~~~~
arm-none-eabi-gcc -o "rgrewalassignmen5.elf" @"objects.list"   -mcpu=cortex-m4 -T"C:\Embedded Systems\Semester 1\Embedded System\Weeks\Week 14\Assignment 5\rgrewalassignmen5\STM32L432KCUX_FLASH.ld" --specs=nosys.specs -Wl,-Map="rgrewalassignmen5.map" -Wl,--gc-sections -static --specs=nano.specs -mfpu=fpv4-sp-d16 -mfloat-abi=hard -mthumb -u _printf_float -u _scanf_float -Wl,--start-group -lc -lm -Wl,--end-group
Finished building target: rgrewalassignmen5.elf
 
arm-none-eabi-size   rgrewalassignmen5.elf 
arm-none-eabi-objdump -h -S  rgrewalassignmen5.elf  > "rgrewalassignmen5.list"
   text	   data	    bss	    dec	    hex	filename
  53568	    488	   1896	  55952	   da90	rgrewalassignmen5.elf
Finished building: default.size.stdout
 
Finished building: rgrewalassignmen5.list
 
17:32:10 **** Incremental Build of configuration Debug for project rgrewalassignmen5 ****
make -j4 all 
arm-none-eabi-gcc "../Core/Src/main.c" -mcpu=cortex-m4 -std=gnu11 -g3 -DDEBUG -DUSE_HAL_DRIVER -DSTM32L432xx -c -I../Core/Inc -I../Drivers/STM32L4xx_HAL_Driver/Inc -I../Drivers/STM32L4xx_HAL_Driver/Inc/Legacy -I../Drivers/CMSIS/Device/ST/STM32L4xx/Include -I../Drivers/CMSIS/Include -O0 -ffunction-sections -fdata-sections -Wall -fstack-usage -fcyclomatic-complexity -MMD -MP -MF"Core/Src/main.d" -MT"Core/Src/main.o" --specs=nano.specs -mfpu=fpv4-sp-d16 -mfloat-abi=hard -mthumb -o "Core/Src/main.o"
../Core/Src/main.c: In function 'gpsParser':
../Core/Src/main.c:170:17: warning: assignment to 'char' from 'void *' makes integer from pointer without a cast [-Wint-conversion]
  170 |         *string = NULL;
      |                 ^
../Core/Src/main.c:191:25: warning: assignment to 'char' from 'void *' makes integer from pointer without a cast [-Wint-conversion]
  191 |   gpsdata.sentenceID[7] = NULL;
      |                         ^
../Core/Src/main.c:308:25: warning: assignment to 'char' from 'void *' makes integer from pointer without a cast [-Wint-conversion]
  308 |     gpsdata.checkSum[i] = NULL;
      |                         ^
../Core/Src/main.c:310:12: warning: comparison between pointer and zero character constant [-Wpointer-compare]
  310 |   if(token != '\0'){
      |            ^~
../Core/Src/main.c:310:6: note: did you mean to dereference the pointer?
  310 |   if(token != '\0'){
      |      ^
../Core/Src/main.c: In function 'displayStrings':
../Core/Src/main.c:361:64: warning: passing argument 1 of 'atoi' from incompatible pointer type [-Wincompatible-pointer-types]
  361 |   snprintf(satellitesUsedString,64,"Satellites Used: %d", atoi(&gpsdata.satellitesUsed));
      |                                                                ^~~~~~~~~~~~~~~~~~~~~~~
      |                                                                |
      |                                                                char (*)[2]
In file included from ../Core/Src/main.c:27:
c:\st\stm32cubeide_1.11.2\stm32cubeide\plugins\com.st.stm32cube.ide.mcu.externaltools.gnu-tools-for-stm32.10.3-2021.10.win32_1.0.200.202301161003\tools\arm-none-eabi\include\stdlib.h:81:23: note: expected 'const char *' but argument is of type 'char (*)[2]'
   81 | int atoi (const char *__nptr);
      |           ~~~~~~~~~~~~^~~~~~
arm-none-eabi-gcc -o "rgrewalassignmen5.elf" @"objects.list"   -mcpu=cortex-m4 -T"C:\Embedded Systems\Semester 1\Embedded System\Weeks\Week 14\Assignment 5\rgrewalassignmen5\STM32L432KCUX_FLASH.ld" --specs=nosys.specs -Wl,-Map="rgrewalassignmen5.map" -Wl,--gc-sections -static --specs=nano.specs -mfpu=fpv4-sp-d16 -mfloat-abi=hard -mthumb -u _printf_float -u _scanf_float -Wl,--start-group -lc -lm -Wl,--end-group
Finished building target: rgrewalassignmen5.elf
 
arm-none-eabi-size   rgrewalassignmen5.elf 
arm-none-eabi-objdump -h -S  rgrewalassignmen5.elf  > "rgrewalassignmen5.list"
   text	   data	    bss	    dec	    hex	filename
  53552	    488	   1896	  55936	   da80	rgrewalassignmen5.elf
Finished building: default.size.stdout
 
Finished building: rgrewalassignmen5.list
 
18:52:08 **** Incremental Build of configuration Debug for project rgrewalassignmen5 ****
make -j4 all 
arm-none-eabi-gcc "../Core/Src/main.c" -mcpu=cortex-m4 -std=gnu11 -g3 -DDEBUG -DUSE_HAL_DRIVER -DSTM32L432xx -c -I../Core/Inc -I../Drivers/STM32L4xx_HAL_Driver/Inc -I../Drivers/STM32L4xx_HAL_Driver/Inc/Legacy -I../Drivers/CMSIS/Device/ST/STM32L4xx/Include -I../Drivers/CMSIS/Include -O0 -ffunction-sections -fdata-sections -Wall -fstack-usage -fcyclomatic-complexity -MMD -MP -MF"Core/Src/main.d" -MT"Core/Src/main.o" --specs=nano.specs -mfpu=fpv4-sp-d16 -mfloat-abi=hard -mthumb -o "Core/Src/main.o"
../Core/Src/main.c: In function 'gpsParser':
../Core/Src/main.c:170:17: warning: assignment to 'char' from 'void *' makes integer from pointer without a cast [-Wint-conversion]
  170 |         *string = NULL;
      |                 ^
../Core/Src/main.c:191:25: warning: assignment to 'char' from 'void *' makes integer from pointer without a cast [-Wint-conversion]
  191 |   gpsdata.sentenceID[7] = NULL;
      |                         ^
../Core/Src/main.c:308:25: warning: assignment to 'char' from 'void *' makes integer from pointer without a cast [-Wint-conversion]
  308 |     gpsdata.checkSum[i] = NULL;
      |                         ^
../Core/Src/main.c:310:12: warning: comparison between pointer and zero character constant [-Wpointer-compare]
  310 |   if(token != '\0'){
      |            ^~
../Core/Src/main.c:310:6: note: did you mean to dereference the pointer?
  310 |   if(token != '\0'){
      |      ^
../Core/Src/main.c: In function 'displayStrings':
../Core/Src/main.c:361:64: warning: passing argument 1 of 'atoi' from incompatible pointer type [-Wincompatible-pointer-types]
  361 |   snprintf(satellitesUsedString,64,"Satellites Used: %d", atoi(&gpsdata.satellitesUsed));
      |                                                                ^~~~~~~~~~~~~~~~~~~~~~~
      |                                                                |
      |                                                                char (*)[2]
In file included from ../Core/Src/main.c:27:
c:\st\stm32cubeide_1.11.2\stm32cubeide\plugins\com.st.stm32cube.ide.mcu.externaltools.gnu-tools-for-stm32.10.3-2021.10.win32_1.0.200.202301161003\tools\arm-none-eabi\include\stdlib.h:81:23: note: expected 'const char *' but argument is of type 'char (*)[2]'
   81 | int atoi (const char *__nptr);
      |           ~~~~~~~~~~~~^~~~~~
arm-none-eabi-gcc -o "rgrewalassignmen5.elf" @"objects.list"   -mcpu=cortex-m4 -T"C:\Embedded Systems\Semester 1\Embedded System\Weeks\Week 14\Assignment 5\rgrewalassignmen5\STM32L432KCUX_FLASH.ld" --specs=nosys.specs -Wl,-Map="rgrewalassignmen5.map" -Wl,--gc-sections -static --specs=nano.specs -mfpu=fpv4-sp-d16 -mfloat-abi=hard -mthumb -u _printf_float -u _scanf_float -Wl,--start-group -lc -lm -Wl,--end-group
Finished building target: rgrewalassignmen5.elf
 
arm-none-eabi-size   rgrewalassignmen5.elf 
arm-none-eabi-objdump -h -S  rgrewalassignmen5.elf  > "rgrewalassignmen5.list"
   text	   data	    bss	    dec	    hex	filename
  53624	    488	   1896	  56008	   dac8	rgrewalassignmen5.elf
Finished building: default.size.stdout
 
Finished building: rgrewalassignmen5.list
 
