------------------------------------------------------------
Timing Analyzer Summary
------------------------------------------------------------

Type  : Slow 1100mV 85C Model Setup 'PushButton'
Slack : -42.092
TNS   : -318.486

Type  : Slow 1100mV 85C Model Hold 'PushButton'
Slack : -36.735
TNS   : -146.301

Type  : Slow 1100mV 85C Model Minimum Pulse Width 'PushButton'
Slack : -36.333
TNS   : -12721.423

Type  : Slow 1100mV 0C Model Setup 'PushButton'
Slack : -43.722
TNS   : -332.327

Type  : Slow 1100mV 0C Model Hold 'PushButton'
Slack : -38.474
TNS   : -153.490

Type  : Slow 1100mV 0C Model Minimum Pulse Width 'PushButton'
Slack : -38.054
TNS   : -13244.569

Type  : Fast 1100mV 85C Model Setup 'PushButton'
Slack : -21.850
TNS   : -161.827

Type  : Fast 1100mV 85C Model Hold 'PushButton'
Slack : -18.485
TNS   : -73.498

Type  : Fast 1100mV 85C Model Minimum Pulse Width 'PushButton'
Slack : -18.135
TNS   : -6296.020

Type  : Fast 1100mV 0C Model Setup 'PushButton'
Slack : -20.963
TNS   : -156.404

Type  : Fast 1100mV 0C Model Hold 'PushButton'
Slack : -17.916
TNS   : -71.360

Type  : Fast 1100mV 0C Model Minimum Pulse Width 'PushButton'
Slack : -17.486
TNS   : -6040.907

------------------------------------------------------------
